Archive member included to satisfy reference by file (symbol)

../ch32fun/ch32fun//../misc/libgcc.a(muldi3.o)
                              /tmp/blinky.elf.VMJlC7.ltrans0.ltrans.o (__mulsi3)
../ch32fun/ch32fun//../misc/libgcc.a(div.o)
                              /tmp/blinky.elf.VMJlC7.ltrans0.ltrans.o (__udivsi3)

Allocating common symbols
Common symbol       size              file

btn_prv             0x1               /tmp/ccTe3emb.o (symbol from plugin)
btn                 0x1               /tmp/ccTe3emb.o (symbol from plugin)

Discarded input sections

 .text          0x0000000000000000        0x0 /tmp/blinky.elf.VMJlC7.ltrans0.ltrans.o
 .data          0x0000000000000000        0x0 /tmp/blinky.elf.VMJlC7.ltrans0.ltrans.o
 .bss           0x0000000000000000        0x0 /tmp/blinky.elf.VMJlC7.ltrans0.ltrans.o
 .text.internal_handle_input.constprop.0
                0x0000000000000000        0xa /tmp/blinky.elf.VMJlC7.ltrans0.ltrans.o
 .text._write.constprop.0
                0x0000000000000000       0xf4 /tmp/blinky.elf.VMJlC7.ltrans0.ltrans.o
 .text.mini_itoa.part.0
                0x0000000000000000       0xca /tmp/blinky.elf.VMJlC7.ltrans0.ltrans.o
 .text.PrintHex
                0x0000000000000000       0x56 /tmp/blinky.elf.VMJlC7.ltrans0.ltrans.o
 .text._puts    0x0000000000000000       0x42 /tmp/blinky.elf.VMJlC7.ltrans0.ltrans.o
 .text.mini_pad
                0x0000000000000000       0x84 /tmp/blinky.elf.VMJlC7.ltrans0.ltrans.o
 .text.__puts_uart
                0x0000000000000000       0x1a /tmp/blinky.elf.VMJlC7.ltrans0.ltrans.o
 .text.putchar  0x0000000000000000       0x72 /tmp/blinky.elf.VMJlC7.ltrans0.ltrans.o
 .text.vector_handler
                0x0000000000000000       0x72 /tmp/blinky.elf.VMJlC7.ltrans0.ltrans.o
 .text.memchr   0x0000000000000000       0x1c /tmp/blinky.elf.VMJlC7.ltrans0.ltrans.o
 .text.memcmp   0x0000000000000000       0x26 /tmp/blinky.elf.VMJlC7.ltrans0.ltrans.o
 .text.twoway_strstr
                0x0000000000000000      0x236 /tmp/blinky.elf.VMJlC7.ltrans0.ltrans.o
 .text.memcpy   0x0000000000000000       0x1c /tmp/blinky.elf.VMJlC7.ltrans0.ltrans.o
 .text.memmove  0x0000000000000000       0x6a /tmp/blinky.elf.VMJlC7.ltrans0.ltrans.o
 .text.strchr   0x0000000000000000       0x16 /tmp/blinky.elf.VMJlC7.ltrans0.ltrans.o
 .text.strstr   0x0000000000000000      0x112 /tmp/blinky.elf.VMJlC7.ltrans0.ltrans.o
 .text.strncmp  0x0000000000000000       0x2e /tmp/blinky.elf.VMJlC7.ltrans0.ltrans.o
 .text.strcmp   0x0000000000000000       0x1a /tmp/blinky.elf.VMJlC7.ltrans0.ltrans.o
 .text.strncpy  0x0000000000000000       0x1c /tmp/blinky.elf.VMJlC7.ltrans0.ltrans.o
 .text.strcpy   0x0000000000000000       0x14 /tmp/blinky.elf.VMJlC7.ltrans0.ltrans.o
 .text.memset   0x0000000000000000       0x12 /tmp/blinky.elf.VMJlC7.ltrans0.ltrans.o
 .text.strnlen  0x0000000000000000       0x2a /tmp/blinky.elf.VMJlC7.ltrans0.ltrans.o
 .text.strlen   0x0000000000000000       0x12 /tmp/blinky.elf.VMJlC7.ltrans0.ltrans.o
 .text.mini_vpprintf
                0x0000000000000000      0x1c6 /tmp/blinky.elf.VMJlC7.ltrans0.ltrans.o
 .text.mini_vsnprintf
                0x0000000000000000       0x3a /tmp/blinky.elf.VMJlC7.ltrans0.ltrans.o
 .rodata.puts.str1.4
                0x0000000000000000        0x2 /tmp/blinky.elf.VMJlC7.ltrans0.ltrans.o
 .text.puts     0x0000000000000000       0x40 /tmp/blinky.elf.VMJlC7.ltrans0.ltrans.o
 .text.strrchr  0x0000000000000000       0x3c /tmp/blinky.elf.VMJlC7.ltrans0.ltrans.o
 .text.sprintf  0x0000000000000000       0x28 /tmp/blinky.elf.VMJlC7.ltrans0.ltrans.o
 .text.snprintf
                0x0000000000000000       0x1c /tmp/blinky.elf.VMJlC7.ltrans0.ltrans.o
 .text.vprintf  0x0000000000000000       0x16 /tmp/blinky.elf.VMJlC7.ltrans0.ltrans.o
 .text.printf   0x0000000000000000       0x30 /tmp/blinky.elf.VMJlC7.ltrans0.ltrans.o
 .data.ADCPrescTable.lto_priv.0
                0x0000000000000000       0x14 /tmp/blinky.elf.VMJlC7.ltrans0.ltrans.o
 .data.ADCPrescTable.lto_priv.1
                0x0000000000000000       0x14 /tmp/blinky.elf.VMJlC7.ltrans0.ltrans.o
 .data.APBAHBPrescTable.lto_priv.0
                0x0000000000000000       0x10 /tmp/blinky.elf.VMJlC7.ltrans0.ltrans.o
 .data.APBAHBPrescTable.lto_priv.1
                0x0000000000000000       0x10 /tmp/blinky.elf.VMJlC7.ltrans0.ltrans.o
 .comment       0x0000000000000000        0xf /tmp/blinky.elf.VMJlC7.ltrans0.ltrans.o
 .comment       0x0000000000000000        0xf /tmp/ccp4P9ea.debug.temp.o
 .comment       0x0000000000000000        0xf /tmp/ccgc4IT7.debug.temp.o
 .data          0x0000000000000000        0x0 ../ch32fun/ch32fun//../misc/libgcc.a(muldi3.o)
 .bss           0x0000000000000000        0x0 ../ch32fun/ch32fun//../misc/libgcc.a(muldi3.o)
 .data          0x0000000000000000        0x0 ../ch32fun/ch32fun//../misc/libgcc.a(div.o)
 .bss           0x0000000000000000        0x0 ../ch32fun/ch32fun//../misc/libgcc.a(div.o)

Memory Configuration

Name             Origin             Length             Attributes
FLASH            0x0000000000000000 0x0000000000004000 xr
RAM              0x0000000020000000 0x0000000000000800 xrw
*default*        0x0000000000000000 0xffffffffffffffff

Linker script and memory map

LOAD /tmp/ccw3g2tb.o
LOAD /tmp/blinky.elf.VMJlC7.ltrans0.ltrans.o
LOAD /tmp/ccp4P9ea.debug.temp.o
LOAD /tmp/ccgc4IT7.debug.temp.o
LOAD /tmp/ccTe3emb.o
LOAD ../ch32fun/ch32fun//../misc/libgcc.a
LOAD ../ch32fun/ch32fun//../misc/libgcc.a

.init           0x0000000000000000        0x8
                0x0000000000000000                _sinit = .
                0x0000000000000000                . = ALIGN (0x4)
 *(SORT_NONE(.init))
 .init          0x0000000000000000        0x6 /tmp/blinky.elf.VMJlC7.ltrans0.ltrans.o
                0x0000000000000000                InterruptVector
                0x0000000000000008                . = ALIGN (0x4)
 *fill*         0x0000000000000006        0x2 
                0x0000000000000008                _einit = .

.text           0x0000000000000008      0x2e0
                0x0000000000000008                . = ALIGN (0x4)
 *(.text)
 .text          0x0000000000000008       0x16 ../ch32fun/ch32fun//../misc/libgcc.a(muldi3.o)
                0x0000000000000008                __mulsi3
 *fill*         0x000000000000001e        0x2 
 .text          0x0000000000000020       0x7e ../ch32fun/ch32fun//../misc/libgcc.a(div.o)
                0x0000000000000020                __divsi3
                0x0000000000000028                __hidden___udivsi3
                0x0000000000000028                __udivsi3
                0x0000000000000054                __umodsi3
                0x0000000000000078                __modsi3
 *(.text.*)
 .text.SystemInit
                0x000000000000009e       0x58 /tmp/blinky.elf.VMJlC7.ltrans0.ltrans.o
                0x000000000000009e                SystemInit
 .text.startup.main
                0x00000000000000f6      0x186 /tmp/blinky.elf.VMJlC7.ltrans0.ltrans.o
                0x00000000000000f6                main
 .text.handle_reset
                0x000000000000027c       0x6c /tmp/blinky.elf.VMJlC7.ltrans0.ltrans.o
                0x000000000000027c                handle_reset
 *(.rodata)
 *(.rodata*)
 *(.gnu.linkonce.t.*)
                0x00000000000002e8                . = ALIGN (0x4)
 *fill*         0x00000000000002e8        0x0 

.rela.dyn       0x00000000000002e8        0x0
 .rela.text.handle_reset
                0x00000000000002e8        0x0 /tmp/blinky.elf.VMJlC7.ltrans0.ltrans.o

.fini           0x00000000000002e8        0x0
 *(SORT_NONE(.fini))
                0x00000000000002e8                . = ALIGN (0x4)
                [!provide]                        PROVIDE (_etext = .)
                [!provide]                        PROVIDE (_eitcm = .)

.preinit_array  0x00000000000002e8        0x0
                [!provide]                        PROVIDE (__preinit_array_start = .)
 *(.preinit_array)
                [!provide]                        PROVIDE (__preinit_array_end = .)

.init_array     0x00000000000002e8        0x0
                [!provide]                        PROVIDE (__init_array_start = .)
 *(SORT_BY_INIT_PRIORITY(.init_array.*) SORT_BY_INIT_PRIORITY(.ctors.*))
 *(.init_array EXCLUDE_FILE(*crtend?.o *crtend.o *crtbegin?.o *crtbegin.o) .ctors)
                [!provide]                        PROVIDE (__init_array_end = .)

.fini_array     0x00000000000002e8        0x0
                [!provide]                        PROVIDE (__fini_array_start = .)
 *(SORT_BY_INIT_PRIORITY(.fini_array.*) SORT_BY_INIT_PRIORITY(.dtors.*))
 *(.fini_array EXCLUDE_FILE(*crtend?.o *crtend.o *crtbegin?.o *crtbegin.o) .dtors)
                [!provide]                        PROVIDE (__fini_array_end = .)

.ctors
 *crtbegin.o(.ctors)
 *crtbegin?.o(.ctors)
 *(EXCLUDE_FILE(*crtend?.o *crtend.o) .ctors)
 *(SORT_BY_NAME(.ctors.*))
 *(.ctors)

.dtors
 *crtbegin.o(.dtors)
 *crtbegin?.o(.dtors)
 *(EXCLUDE_FILE(*crtend?.o *crtend.o) .dtors)
 *(SORT_BY_NAME(.dtors.*))
 *(.dtors)

.dalign         0x0000000020000000        0x0 load address 0x00000000000002e8
                0x0000000020000000                . = ALIGN (0x4)
                0x0000000020000000                PROVIDE (_data_vma = .)

.dlalign        0x00000000000002e8        0x0
                0x00000000000002e8                . = ALIGN (0x4)
                0x00000000000002e8                PROVIDE (_data_lma = .)

.data           0x0000000020000000        0x8 load address 0x00000000000002e8
                0x0000000020000000                . = ALIGN (0x4)
                0x00000000200003fc                __global_pointer$ = (. + 0x3fc)
 *(.gnu.linkonce.r.*)
 *(.data .data.*)
 *(.gnu.linkonce.d.*)
                0x0000000020000000                . = ALIGN (0x8)
 *(.sdata .sdata.*)
 .sdata.count   0x0000000020000000        0x1 /tmp/blinky.elf.VMJlC7.ltrans0.ltrans.o
 *(.sdata2*)
 *(.gnu.linkonce.s.*)
                0x0000000020000008                . = ALIGN (0x8)
 *fill*         0x0000000020000001        0x7 
 *(.srodata.cst16)
 *(.srodata.cst8)
 *(.srodata.cst4)
 *(.srodata.cst2)
 *(.srodata .srodata.*)
                0x0000000020000008                . = ALIGN (0x4)
                0x0000000020000008                PROVIDE (_edata = .)

.bss            0x0000000020000008        0x4 load address 0x00000000000002f0
                0x0000000020000008                . = ALIGN (0x4)
                0x0000000020000008                PROVIDE (_sbss = .)
 *(.sbss*)
 .sbss.brightness
                0x0000000020000008        0x1 /tmp/blinky.elf.VMJlC7.ltrans0.ltrans.o
 .sbss.btn_prv  0x0000000020000009        0x1 /tmp/blinky.elf.VMJlC7.ltrans0.ltrans.o
 .sbss.updown   0x000000002000000a        0x1 /tmp/blinky.elf.VMJlC7.ltrans0.ltrans.o
 *(.gnu.linkonce.sb.*)
 *(.bss*)
 *(.gnu.linkonce.b.*)
 *(COMMON*)
                0x000000002000000c                . = ALIGN (0x4)
 *fill*         0x000000002000000b        0x1 
                0x000000002000000c                PROVIDE (_ebss = .)
                [!provide]                        PROVIDE (_end = _ebss)
                [!provide]                        PROVIDE (end = .)
                0x0000000020000800                PROVIDE (_eusrstack = (ORIGIN (RAM) + LENGTH (RAM)))

/DISCARD/
 *(.note .note.*)
 *(.eh_frame .eh_frame.*)
 *(.comment .comment.*)
 *(.ARM.extab* .gnu.linkonce.armextab.*)
 *(.ARM.exidx*)
OUTPUT(blinky.elf elf32-littleriscv)

.riscv.attributes
                0x0000000000000000       0x21
 .riscv.attributes
                0x0000000000000000       0x21 /tmp/blinky.elf.VMJlC7.ltrans0.ltrans.o
 .riscv.attributes
                0x0000000000000021       0x1f ../ch32fun/ch32fun//../misc/libgcc.a(muldi3.o)
 .riscv.attributes
                0x0000000000000040       0x1f ../ch32fun/ch32fun//../misc/libgcc.a(div.o)

.debug_info     0x0000000000000000     0x3625
 .debug_info    0x0000000000000000      0xf37 /tmp/blinky.elf.VMJlC7.ltrans0.ltrans.o
 .debug_info    0x0000000000000f37     0x1a4a /tmp/ccp4P9ea.debug.temp.o
                0x0000000000000f37                ch32fun.c.0ee4854c
 .debug_info    0x0000000000002981      0xc16 /tmp/ccgc4IT7.debug.temp.o
                0x0000000000002981                blinky.c.a806a346
 .debug_info    0x0000000000003597       0x31 ../ch32fun/ch32fun//../misc/libgcc.a(muldi3.o)
 .debug_info    0x00000000000035c8       0x5d ../ch32fun/ch32fun//../misc/libgcc.a(div.o)

.debug_abbrev   0x0000000000000000      0x717
 .debug_abbrev  0x0000000000000000      0x17d /tmp/blinky.elf.VMJlC7.ltrans0.ltrans.o
 .debug_abbrev  0x000000000000017d      0x2f0 /tmp/ccp4P9ea.debug.temp.o
 .debug_abbrev  0x000000000000046d      0x25a /tmp/ccgc4IT7.debug.temp.o
 .debug_abbrev  0x00000000000006c7       0x28 ../ch32fun/ch32fun//../misc/libgcc.a(muldi3.o)
 .debug_abbrev  0x00000000000006ef       0x28 ../ch32fun/ch32fun//../misc/libgcc.a(div.o)

.debug_loc      0x0000000000000000     0x21fd
 .debug_loc     0x0000000000000000     0x21fd /tmp/blinky.elf.VMJlC7.ltrans0.ltrans.o

.debug_aranges  0x0000000000000000      0x178
 .debug_aranges
                0x0000000000000000      0x138 /tmp/blinky.elf.VMJlC7.ltrans0.ltrans.o
 .debug_aranges
                0x0000000000000138       0x20 ../ch32fun/ch32fun//../misc/libgcc.a(muldi3.o)
 .debug_aranges
                0x0000000000000158       0x20 ../ch32fun/ch32fun//../misc/libgcc.a(div.o)

.debug_ranges   0x0000000000000000      0x370
 .debug_ranges  0x0000000000000000      0x370 /tmp/blinky.elf.VMJlC7.ltrans0.ltrans.o

.debug_line     0x0000000000000000     0x2c2c
 .debug_line    0x0000000000000000     0x27d7 /tmp/blinky.elf.VMJlC7.ltrans0.ltrans.o
 .debug_line    0x00000000000027d7      0x14b /tmp/ccp4P9ea.debug.temp.o
 .debug_line    0x0000000000002922      0x13d /tmp/ccgc4IT7.debug.temp.o
 .debug_line    0x0000000000002a5f       0x7a ../ch32fun/ch32fun//../misc/libgcc.a(muldi3.o)
 .debug_line    0x0000000000002ad9      0x153 ../ch32fun/ch32fun//../misc/libgcc.a(div.o)

.debug_str      0x0000000000000000      0xd62
 .debug_str     0x0000000000000000      0x148 /tmp/blinky.elf.VMJlC7.ltrans0.ltrans.o
                                        0x156 (size before relaxing)
 .debug_str     0x0000000000000148      0x9c6 /tmp/ccp4P9ea.debug.temp.o
                                        0xaf8 (size before relaxing)
 .debug_str     0x0000000000000b0e      0x150 /tmp/ccgc4IT7.debug.temp.o
                                        0x74f (size before relaxing)
 .debug_str     0x0000000000000c5e       0xac ../ch32fun/ch32fun//../misc/libgcc.a(muldi3.o)
 .debug_str     0x0000000000000d0a       0x58 ../ch32fun/ch32fun//../misc/libgcc.a(div.o)
                                         0xd9 (size before relaxing)

.debug_frame    0x0000000000000000      0x384
 .debug_frame   0x0000000000000000      0x384 /tmp/blinky.elf.VMJlC7.ltrans0.ltrans.o

.debug_line_str
                0x0000000000000000       0x9b
 .debug_line_str
                0x0000000000000000       0x95 ../ch32fun/ch32fun//../misc/libgcc.a(muldi3.o)
 .debug_line_str
                0x0000000000000095        0x6 ../ch32fun/ch32fun//../misc/libgcc.a(div.o)
                                         0x92 (size before relaxing)
