Archive member included to satisfy reference by file (symbol)

../ch32fun/ch32fun//../misc/libgcc.a(div.o)
                              /tmp/blinky.elf.oElJuo.ltrans0.ltrans.o (__udivsi3)

Allocating common symbols
Common symbol       size              file

test                0x1               /tmp/cccxuJbU.o (symbol from plugin)

Discarded input sections

 .text          0x0000000000000000        0x0 /tmp/blinky.elf.oElJuo.ltrans0.ltrans.o
 .data          0x0000000000000000        0x0 /tmp/blinky.elf.oElJuo.ltrans0.ltrans.o
 .bss           0x0000000000000000        0x0 /tmp/blinky.elf.oElJuo.ltrans0.ltrans.o
 .text._puts    0x0000000000000000       0x42 /tmp/blinky.elf.oElJuo.ltrans0.ltrans.o
 .text.putchar  0x0000000000000000       0x72 /tmp/blinky.elf.oElJuo.ltrans0.ltrans.o
 .text.memchr   0x0000000000000000       0x1c /tmp/blinky.elf.oElJuo.ltrans0.ltrans.o
 .text.memcmp   0x0000000000000000       0x26 /tmp/blinky.elf.oElJuo.ltrans0.ltrans.o
 .text.twoway_strstr
                0x0000000000000000      0x236 /tmp/blinky.elf.oElJuo.ltrans0.ltrans.o
 .text.memcpy   0x0000000000000000       0x1c /tmp/blinky.elf.oElJuo.ltrans0.ltrans.o
 .text.memmove  0x0000000000000000       0x6a /tmp/blinky.elf.oElJuo.ltrans0.ltrans.o
 .text.strchr   0x0000000000000000       0x16 /tmp/blinky.elf.oElJuo.ltrans0.ltrans.o
 .text.strstr   0x0000000000000000      0x112 /tmp/blinky.elf.oElJuo.ltrans0.ltrans.o
 .text.strncmp  0x0000000000000000       0x2e /tmp/blinky.elf.oElJuo.ltrans0.ltrans.o
 .text.strcmp   0x0000000000000000       0x1a /tmp/blinky.elf.oElJuo.ltrans0.ltrans.o
 .text.strncpy  0x0000000000000000       0x1c /tmp/blinky.elf.oElJuo.ltrans0.ltrans.o
 .text.strcpy   0x0000000000000000       0x14 /tmp/blinky.elf.oElJuo.ltrans0.ltrans.o
 .text.memset   0x0000000000000000       0x12 /tmp/blinky.elf.oElJuo.ltrans0.ltrans.o
 .text.strnlen  0x0000000000000000       0x2a /tmp/blinky.elf.oElJuo.ltrans0.ltrans.o
 .text.mini_vsnprintf
                0x0000000000000000       0x3a /tmp/blinky.elf.oElJuo.ltrans0.ltrans.o
 .text.strrchr  0x0000000000000000       0x3c /tmp/blinky.elf.oElJuo.ltrans0.ltrans.o
 .text.sprintf  0x0000000000000000       0x28 /tmp/blinky.elf.oElJuo.ltrans0.ltrans.o
 .text.snprintf
                0x0000000000000000       0x1c /tmp/blinky.elf.oElJuo.ltrans0.ltrans.o
 .text.vprintf  0x0000000000000000       0x16 /tmp/blinky.elf.oElJuo.ltrans0.ltrans.o
 .data.ADCPrescTable.lto_priv.0
                0x0000000000000000       0x14 /tmp/blinky.elf.oElJuo.ltrans0.ltrans.o
 .data.ADCPrescTable.lto_priv.1
                0x0000000000000000       0x14 /tmp/blinky.elf.oElJuo.ltrans0.ltrans.o
 .data.APBAHBPrescTable.lto_priv.0
                0x0000000000000000       0x10 /tmp/blinky.elf.oElJuo.ltrans0.ltrans.o
 .data.APBAHBPrescTable.lto_priv.1
                0x0000000000000000       0x10 /tmp/blinky.elf.oElJuo.ltrans0.ltrans.o
 .sbss.count    0x0000000000000000        0x2 /tmp/blinky.elf.oElJuo.ltrans0.ltrans.o
 .sbss.test     0x0000000000000000        0x1 /tmp/blinky.elf.oElJuo.ltrans0.ltrans.o
 .comment       0x0000000000000000        0xf /tmp/blinky.elf.oElJuo.ltrans0.ltrans.o
 .comment       0x0000000000000000        0xf /tmp/ccWNRf7q.debug.temp.o
 .comment       0x0000000000000000        0xf /tmp/ccfDs1sp.debug.temp.o
 .data          0x0000000000000000        0x0 ../ch32fun/ch32fun//../misc/libgcc.a(div.o)
 .bss           0x0000000000000000        0x0 ../ch32fun/ch32fun//../misc/libgcc.a(div.o)

Memory Configuration

Name             Origin             Length             Attributes
FLASH            0x0000000000000000 0x0000000000004000 xr
RAM              0x0000000020000000 0x0000000000000800 xrw
*default*        0x0000000000000000 0xffffffffffffffff

Linker script and memory map

LOAD /tmp/ccoDpobV.o
LOAD /tmp/blinky.elf.oElJuo.ltrans0.ltrans.o
LOAD /tmp/ccWNRf7q.debug.temp.o
LOAD /tmp/ccfDs1sp.debug.temp.o
LOAD /tmp/cccxuJbU.o
LOAD ../ch32fun/ch32fun//../misc/libgcc.a
LOAD ../ch32fun/ch32fun//../misc/libgcc.a

.init           0x0000000000000000       0xa0
                0x0000000000000000                _sinit = .
                0x0000000000000000                . = ALIGN (0x4)
 *(SORT_NONE(.init))
 .init          0x0000000000000000       0x9e /tmp/blinky.elf.oElJuo.ltrans0.ltrans.o
                0x0000000000000000                InterruptVector
                0x00000000000000a0                . = ALIGN (0x4)
 *fill*         0x000000000000009e        0x2 
                0x00000000000000a0                _einit = .

.text           0x00000000000000a0      0x990
                0x00000000000000a0                . = ALIGN (0x4)
 *(.text)
 .text          0x00000000000000a0       0x7e ../ch32fun/ch32fun//../misc/libgcc.a(div.o)
                0x00000000000000a0                __divsi3
                0x00000000000000a8                __hidden___udivsi3
                0x00000000000000a8                __udivsi3
                0x00000000000000d4                __umodsi3
                0x00000000000000f8                __modsi3
 *(.text.*)
 .text.internal_handle_input.constprop.0
                0x000000000000011e        0xa /tmp/blinky.elf.oElJuo.ltrans0.ltrans.o
 .text._write.constprop.0
                0x0000000000000128       0xe8 /tmp/blinky.elf.oElJuo.ltrans0.ltrans.o
 .text.t2pwm_setpw
                0x0000000000000210       0x46 /tmp/blinky.elf.oElJuo.ltrans0.ltrans.o
 .text.mini_itoa.part.0
                0x0000000000000256       0xbe /tmp/blinky.elf.oElJuo.ltrans0.ltrans.o
 .text.DelaySysTick
                0x0000000000000314       0x16 /tmp/blinky.elf.oElJuo.ltrans0.ltrans.o
 .text.PrintHex
                0x000000000000032a       0x56 /tmp/blinky.elf.oElJuo.ltrans0.ltrans.o
 .text.mini_pad
                0x0000000000000380       0x84 /tmp/blinky.elf.oElJuo.ltrans0.ltrans.o
 .text.__puts_uart
                0x0000000000000404       0x14 /tmp/blinky.elf.oElJuo.ltrans0.ltrans.o
 .text.SystemInit
                0x0000000000000418       0x58 /tmp/blinky.elf.oElJuo.ltrans0.ltrans.o
                0x0000000000000418                SystemInit
 .text.vector_handler
                0x0000000000000470       0x5a /tmp/blinky.elf.oElJuo.ltrans0.ltrans.o
                0x0000000000000470                EXTI2_IRQHandler
                0x0000000000000470                TIM8_TRG_COM_IRQHandler
                0x0000000000000470                TIM8_CC_IRQHandler
                0x0000000000000470                UART8_IRQHandler
                0x0000000000000470                TIM1_CC_IRQHandler
                0x0000000000000470                HardFault_Handler
                0x0000000000000470                GPIOB_IRQHandler
                0x0000000000000470                USBPD_IRQHandler
                0x0000000000000470                TIM6_IRQHandler
                0x0000000000000470                GPIOA_IRQHandler
                0x0000000000000470                SysTick_Handler
                0x0000000000000470                PVD_IRQHandler
                0x0000000000000470                SDIO_IRQHandler
                0x0000000000000470                TIM9_BRK_IRQHandler
                0x0000000000000470                DMA2_Channel8_IRQHandler
                0x0000000000000470                CAN2_RX1_IRQHandler
                0x0000000000000470                EXTI3_IRQHandler
                0x0000000000000470                UART1_IRQHandler
                0x0000000000000470                USBHS_IRQHandler
                0x0000000000000470                DMA2_Channel9_IRQHandler
                0x0000000000000470                TIM10_CC_IRQHandler
                0x0000000000000470                EXTI25_16_IRQHandler
                0x0000000000000470                USBFS_IRQHandler
                0x0000000000000470                UART0_IRQHandler
                0x0000000000000470                EXTI0_IRQHandler
                0x0000000000000470                I2C2_EV_IRQHandler
                0x0000000000000470                TIM10_TRG_COM_IRQHandler
                0x0000000000000470                CAN2_SCE_IRQHandler
                0x0000000000000470                ADC1_2_IRQHandler
                0x0000000000000470                BB_IRQHandler
                0x0000000000000470                Break_Point_Handler
                0x0000000000000470                TIM2_CC_IRQHandler
                0x0000000000000470                SPI1_IRQHandler
                0x0000000000000470                TAMPER_IRQHandler
                0x0000000000000470                TMR0_IRQHandler
                0x0000000000000470                AWU_IRQHandler
                0x0000000000000470                EXTI7_0_IRQHandler
                0x0000000000000470                CAN2_RX0_IRQHandler
                0x0000000000000470                OSCWakeUp_IRQHandler
                0x0000000000000470                TIM8_UP_IRQHandler
                0x0000000000000470                Ecall_M_Mode_Handler
                0x0000000000000470                DMA2_Channel2_IRQHandler
                0x0000000000000470                DMA1_Channel4_IRQHandler
                0x0000000000000470                ADC1_IRQHandler
                0x0000000000000470                TIM2_BRK_IRQHandler
                0x0000000000000470                TIM9_UP_IRQHandler
                0x0000000000000470                USART3_IRQHandler
                0x0000000000000470                RTC_IRQHandler
                0x0000000000000470                DMA1_Channel7_IRQHandler
                0x0000000000000470                CAN1_RX1_IRQHandler
                0x0000000000000470                DVP_IRQHandler
                0x0000000000000470                UART5_IRQHandler
                0x0000000000000470                EXTI15_8_IRQHandler
                0x0000000000000470                TIM4_IRQHandler
                0x0000000000000470                DMA2_Channel1_IRQHandler
                0x0000000000000470                USBPD_WKUP_IRQHandler
                0x0000000000000470                I2C1_EV_IRQHandler
                0x0000000000000470                UART2_IRQHandler
                0x0000000000000470                USART4_IRQHandler
                0x0000000000000470                PWMX_IRQHandler
                0x0000000000000470                DMA1_Channel6_IRQHandler
                0x0000000000000470                UART4_IRQHandler
                0x0000000000000470                DMA2_Channel4_IRQHandler
                0x0000000000000470                TIM3_IRQHandler
                0x0000000000000470                RCC_IRQHandler
                0x0000000000000470                TIM1_TRG_COM_IRQHandler
                0x0000000000000470                DMA1_Channel1_IRQHandler
                0x0000000000000470                DMA2_Channel7_IRQHandler
                0x0000000000000470                EXTI15_10_IRQHandler
                0x0000000000000470                ADC_IRQHandler
                0x0000000000000470                DMA1_Channel8_IRQHandler
                0x0000000000000470                TMR2_IRQHandler
                0x0000000000000470                DefaultIRQHandler
                0x0000000000000470                TIM7_IRQHandler
                0x0000000000000470                CAN2_TX_IRQHandler
                0x0000000000000470                TIM5_IRQHandler
                0x0000000000000470                USB_IRQHandler
                0x0000000000000470                EXTI9_5_IRQHandler
                0x0000000000000470                PIOC_IRQHandler
                0x0000000000000470                SPI2_IRQHandler
                0x0000000000000470                OSC32KCal_IRQHandler
                0x0000000000000470                I2C_IRQHandler
                0x0000000000000470                TIM10_BRK_IRQHandler
                0x0000000000000470                TIM9_CC_IRQHandler
                0x0000000000000470                DMA2_Channel5_IRQHandler
                0x0000000000000470                USB2_IRQHandler
                0x0000000000000470                USBHSWakeUp_IRQHandler
                0x0000000000000470                DMA1_Channel5_IRQHandler
                0x0000000000000470                EXTI4_IRQHandler
                0x0000000000000470                USB_LP_CAN1_RX0_IRQHandler
                0x0000000000000470                RNG_IRQHandler
                0x0000000000000470                USB_HP_CAN1_TX_IRQHandler
                0x0000000000000470                LLE_IRQHandler
                0x0000000000000470                DMA1_Channel3_IRQHandler
                0x0000000000000470                FSMC_IRQHandler
                0x0000000000000470                ETH_IRQHandler
                0x0000000000000470                WWDG_IRQHandler
                0x0000000000000470                DMA2_Channel11_IRQHandler
                0x0000000000000470                WDOG_BAT_IRQHandler
                0x0000000000000470                Ecall_U_Mode_Handler
                0x0000000000000470                TMR3_IRQHandler
                0x0000000000000470                DMA2_Channel6_IRQHandler
                0x0000000000000470                TIM2_IRQHandler
                0x0000000000000470                SW_Handler
                0x0000000000000470                TIM1_BRK_IRQHandler
                0x0000000000000470                OPA_IRQHandler
                0x0000000000000470                DMA2_Channel10_IRQHandler
                0x0000000000000470                EXTI1_IRQHandler
                0x0000000000000470                SPI0_IRQHandler
                0x0000000000000470                RTCAlarm_IRQHandler
                0x0000000000000470                TIM10_UP_IRQHandler
                0x0000000000000470                TIM9_TRG_COM_IRQHandler
                0x0000000000000470                UART7_IRQHandler
                0x0000000000000470                USART2_IRQHandler
                0x0000000000000470                UART6_IRQHandler
                0x0000000000000470                ETHWakeUp_IRQHandler
                0x0000000000000470                I2C2_ER_IRQHandler
                0x0000000000000470                DMA1_Channel2_IRQHandler
                0x0000000000000470                TIM8_BRK_IRQHandler
                0x0000000000000470                TIM2_TRG_IRQHandler
                0x0000000000000470                CAN1_SCE_IRQHandler
                0x0000000000000470                FLASH_IRQHandler
                0x0000000000000470                USBFSWakeUp_IRQHandler
                0x0000000000000470                USART1_IRQHandler
                0x0000000000000470                OTG_FS_IRQHandler
                0x0000000000000470                SPI3_IRQHandler
                0x0000000000000470                USBFS_WakeUp_IRQHandler
                0x0000000000000470                UART3_IRQHandler
                0x0000000000000470                I2C1_ER_IRQHandler
                0x0000000000000470                TMR1_IRQHandler
                0x0000000000000470                USBWakeUp_IRQHandler
                0x0000000000000470                DMA2_Channel3_IRQHandler
                0x00000000000004bc                NMI_Handler
                0x00000000000004bc                NMI_RCC_CSS_IRQHandler
 .text.strlen   0x00000000000004ca       0x12 /tmp/blinky.elf.oElJuo.ltrans0.ltrans.o
                0x00000000000004ca                strlen
 .text.mini_vpprintf
                0x00000000000004dc      0x1ae /tmp/blinky.elf.oElJuo.ltrans0.ltrans.o
 .text.puts     0x000000000000068a       0x2c /tmp/blinky.elf.oElJuo.ltrans0.ltrans.o
                0x000000000000068a                puts
 .text.TIM1_UP_IRQHandler
                0x00000000000006b6       0x62 /tmp/blinky.elf.oElJuo.ltrans0.ltrans.o
 .text.printf   0x0000000000000718       0x26 /tmp/blinky.elf.oElJuo.ltrans0.ltrans.o
                0x0000000000000718                printf
 .text.startup.main
                0x000000000000073e      0x22c /tmp/blinky.elf.oElJuo.ltrans0.ltrans.o
                0x000000000000073e                main
 .text.handle_reset
                0x000000000000096a       0x70 /tmp/blinky.elf.oElJuo.ltrans0.ltrans.o
                0x000000000000096a                handle_reset
 *(.rodata)
 *(.rodata*)
 *fill*         0x00000000000009da        0x2 
 .rodata.puts.str1.4
                0x00000000000009dc        0x2 /tmp/blinky.elf.oElJuo.ltrans0.ltrans.o
 *fill*         0x00000000000009de        0x2 
 .rodata.TIM1_UP_IRQHandler.str1.4
                0x00000000000009e0        0xc /tmp/blinky.elf.oElJuo.ltrans0.ltrans.o
 .rodata.main.str1.4
                0x00000000000009ec       0x44 /tmp/blinky.elf.oElJuo.ltrans0.ltrans.o
 *(.gnu.linkonce.t.*)
                0x0000000000000a30                . = ALIGN (0x4)

.rela.dyn       0x0000000000000a30        0x0
 .rela.text.mini_vpprintf
                0x0000000000000a30        0x0 /tmp/blinky.elf.oElJuo.ltrans0.ltrans.o
 .rela.text.puts
                0x0000000000000a30        0x0 /tmp/blinky.elf.oElJuo.ltrans0.ltrans.o
 .rela.text.TIM1_UP_IRQHandler
                0x0000000000000a30        0x0 /tmp/blinky.elf.oElJuo.ltrans0.ltrans.o
 .rela.text.startup.main
                0x0000000000000a30        0x0 /tmp/blinky.elf.oElJuo.ltrans0.ltrans.o
 .rela.text.handle_reset
                0x0000000000000a30        0x0 /tmp/blinky.elf.oElJuo.ltrans0.ltrans.o

.fini           0x0000000000000a30        0x0
 *(SORT_NONE(.fini))
                0x0000000000000a30                . = ALIGN (0x4)
                [!provide]                        PROVIDE (_etext = .)
                [!provide]                        PROVIDE (_eitcm = .)

.preinit_array  0x0000000000000a30        0x0
                [!provide]                        PROVIDE (__preinit_array_start = .)
 *(.preinit_array)
                [!provide]                        PROVIDE (__preinit_array_end = .)

.init_array     0x0000000000000a30        0x0
                [!provide]                        PROVIDE (__init_array_start = .)
 *(SORT_BY_INIT_PRIORITY(.init_array.*) SORT_BY_INIT_PRIORITY(.ctors.*))
 *(.init_array EXCLUDE_FILE(*crtend?.o *crtend.o *crtbegin?.o *crtbegin.o) .ctors)
                [!provide]                        PROVIDE (__init_array_end = .)

.fini_array     0x0000000000000a30        0x0
                [!provide]                        PROVIDE (__fini_array_start = .)
 *(SORT_BY_INIT_PRIORITY(.fini_array.*) SORT_BY_INIT_PRIORITY(.dtors.*))
 *(.fini_array EXCLUDE_FILE(*crtend?.o *crtend.o *crtbegin?.o *crtbegin.o) .dtors)
                [!provide]                        PROVIDE (__fini_array_end = .)

.ctors
 *crtbegin.o(.ctors)
 *crtbegin?.o(.ctors)
 *(EXCLUDE_FILE(*crtend?.o *crtend.o) .ctors)
 *(SORT_BY_NAME(.ctors.*))
 *(.ctors)

.dtors
 *crtbegin.o(.dtors)
 *crtbegin?.o(.dtors)
 *(EXCLUDE_FILE(*crtend?.o *crtend.o) .dtors)
 *(SORT_BY_NAME(.dtors.*))
 *(.dtors)

.dalign         0x0000000020000000        0x0 load address 0x0000000000000a30
                0x0000000020000000                . = ALIGN (0x4)
                0x0000000020000000                PROVIDE (_data_vma = .)

.dlalign        0x0000000000000a30        0x0
                0x0000000000000a30                . = ALIGN (0x4)
                0x0000000000000a30                PROVIDE (_data_lma = .)

.data           0x0000000020000000        0x0 load address 0x0000000000000a30
                0x0000000020000000                . = ALIGN (0x4)
                0x00000000200003fc                __global_pointer$ = (. + 0x3fc)
 *(.gnu.linkonce.r.*)
 *(.data .data.*)
 *(.gnu.linkonce.d.*)
                0x0000000020000000                . = ALIGN (0x8)
 *(.sdata .sdata.*)
 *(.sdata2*)
 *(.gnu.linkonce.s.*)
                0x0000000020000000                . = ALIGN (0x8)
 *(.srodata.cst16)
 *(.srodata.cst8)
 *(.srodata.cst4)
 *(.srodata.cst2)
 *(.srodata .srodata.*)
                0x0000000020000000                . = ALIGN (0x4)
                0x0000000020000000                PROVIDE (_edata = .)

.bss            0x0000000020000000        0x0 load address 0x0000000000000a30
                0x0000000020000000                . = ALIGN (0x4)
                0x0000000020000000                PROVIDE (_sbss = .)
 *(.sbss*)
 *(.gnu.linkonce.sb.*)
 *(.bss*)
 *(.gnu.linkonce.b.*)
 *(COMMON*)
                0x0000000020000000                . = ALIGN (0x4)
                0x0000000020000000                PROVIDE (_ebss = .)
                [!provide]                        PROVIDE (_end = _ebss)
                [!provide]                        PROVIDE (end = .)
                0x0000000020000800                PROVIDE (_eusrstack = (ORIGIN (RAM) + LENGTH (RAM)))

/DISCARD/
 *(.note .note.*)
 *(.eh_frame .eh_frame.*)
 *(.comment .comment.*)
 *(.ARM.extab* .gnu.linkonce.armextab.*)
 *(.ARM.exidx*)
OUTPUT(blinky.elf elf32-littleriscv)

.riscv.attributes
                0x0000000000000000       0x21
 .riscv.attributes
                0x0000000000000000       0x21 /tmp/blinky.elf.oElJuo.ltrans0.ltrans.o
 .riscv.attributes
                0x0000000000000021       0x1f ../ch32fun/ch32fun//../misc/libgcc.a(div.o)

.debug_info     0x0000000000000000     0x3c8c
 .debug_info    0x0000000000000000     0x10a9 /tmp/blinky.elf.oElJuo.ltrans0.ltrans.o
 .debug_info    0x00000000000010a9     0x1a4a /tmp/ccWNRf7q.debug.temp.o
                0x00000000000010a9                ch32fun.c.f04229a6
 .debug_info    0x0000000000002af3     0x113c /tmp/ccfDs1sp.debug.temp.o
                0x0000000000002af3                blinky.c.a4e268ca
 .debug_info    0x0000000000003c2f       0x5d ../ch32fun/ch32fun//../misc/libgcc.a(div.o)

.debug_abbrev   0x0000000000000000      0x77e
 .debug_abbrev  0x0000000000000000      0x1a7 /tmp/blinky.elf.oElJuo.ltrans0.ltrans.o
 .debug_abbrev  0x00000000000001a7      0x2f0 /tmp/ccWNRf7q.debug.temp.o
 .debug_abbrev  0x0000000000000497      0x2bf /tmp/ccfDs1sp.debug.temp.o
 .debug_abbrev  0x0000000000000756       0x28 ../ch32fun/ch32fun//../misc/libgcc.a(div.o)

.debug_loc      0x0000000000000000     0x21a0
 .debug_loc     0x0000000000000000     0x21a0 /tmp/blinky.elf.oElJuo.ltrans0.ltrans.o

.debug_aranges  0x0000000000000000      0x170
 .debug_aranges
                0x0000000000000000      0x150 /tmp/blinky.elf.oElJuo.ltrans0.ltrans.o
 .debug_aranges
                0x0000000000000150       0x20 ../ch32fun/ch32fun//../misc/libgcc.a(div.o)

.debug_ranges   0x0000000000000000      0x318
 .debug_ranges  0x0000000000000000      0x318 /tmp/blinky.elf.oElJuo.ltrans0.ltrans.o

.debug_line     0x0000000000000000     0x2d45
 .debug_line    0x0000000000000000     0x299c /tmp/blinky.elf.oElJuo.ltrans0.ltrans.o
 .debug_line    0x000000000000299c      0x14b /tmp/ccWNRf7q.debug.temp.o
 .debug_line    0x0000000000002ae7      0x10b /tmp/ccfDs1sp.debug.temp.o
 .debug_line    0x0000000000002bf2      0x153 ../ch32fun/ch32fun//../misc/libgcc.a(div.o)

.debug_str      0x0000000000000000      0xfc0
 .debug_str     0x0000000000000000      0x13a /tmp/blinky.elf.oElJuo.ltrans0.ltrans.o
                                        0x148 (size before relaxing)
 .debug_str     0x000000000000013a      0x9c3 /tmp/ccWNRf7q.debug.temp.o
                                        0xaf8 (size before relaxing)
 .debug_str     0x0000000000000afd      0x3f4 /tmp/ccfDs1sp.debug.temp.o
                                        0xa06 (size before relaxing)
 .debug_str     0x0000000000000ef1       0xcf ../ch32fun/ch32fun//../misc/libgcc.a(div.o)
                                         0xd9 (size before relaxing)

.debug_frame    0x0000000000000000      0x3ec
 .debug_frame   0x0000000000000000      0x3ec /tmp/blinky.elf.oElJuo.ltrans0.ltrans.o

.debug_line_str
                0x0000000000000000       0x92
 .debug_line_str
                0x0000000000000000       0x92 ../ch32fun/ch32fun//../misc/libgcc.a(div.o)
