
psu.elf:     file format elf32-littleriscv


Disassembly of section .init:

00000000 <InterruptVector>:
void handle_reset( void ) __attribute__((section(".text.handle_reset")));

void InterruptVectorDefault( void )
{
#if !defined(FUNCONF_TINYVECTOR) || !FUNCONF_TINYVECTOR
	asm volatile( DEFAULT_INTERRUPT_VECTOR_CONTENTS );
   0:	7d20006f          	j	7d2 <handle_reset>
   4:	0000                	unimp
   6:	0000                	unimp
   8:	0402                	c.slli64	s0
   a:	0000                	unimp
   c:	03e4                	addi	s1,sp,460
	...
  2e:	0000                	unimp
  30:	03e4                	addi	s1,sp,460
  32:	0000                	unimp
  34:	0000                	unimp
  36:	0000                	unimp
  38:	03e4                	addi	s1,sp,460
  3a:	0000                	unimp
  3c:	0000                	unimp
  3e:	0000                	unimp
  40:	03e4                	addi	s1,sp,460
  42:	0000                	unimp
  44:	03e4                	addi	s1,sp,460
  46:	0000                	unimp
  48:	03e4                	addi	s1,sp,460
  4a:	0000                	unimp
  4c:	03e4                	addi	s1,sp,460
  4e:	0000                	unimp
  50:	03e4                	addi	s1,sp,460
  52:	0000                	unimp
  54:	03e4                	addi	s1,sp,460
  56:	0000                	unimp
  58:	03e4                	addi	s1,sp,460
  5a:	0000                	unimp
  5c:	03e4                	addi	s1,sp,460
  5e:	0000                	unimp
  60:	03e4                	addi	s1,sp,460
  62:	0000                	unimp
  64:	03e4                	addi	s1,sp,460
  66:	0000                	unimp
  68:	03e4                	addi	s1,sp,460
  6a:	0000                	unimp
  6c:	03e4                	addi	s1,sp,460
  6e:	0000                	unimp
  70:	03e4                	addi	s1,sp,460
  72:	0000                	unimp
  74:	03e4                	addi	s1,sp,460
  76:	0000                	unimp
  78:	03e4                	addi	s1,sp,460
  7a:	0000                	unimp
  7c:	03e4                	addi	s1,sp,460
  7e:	0000                	unimp
  80:	03e4                	addi	s1,sp,460
  82:	0000                	unimp
  84:	03e4                	addi	s1,sp,460
  86:	0000                	unimp
  88:	03e4                	addi	s1,sp,460
  8a:	0000                	unimp
  8c:	03e4                	addi	s1,sp,460
  8e:	0000                	unimp
  90:	03e4                	addi	s1,sp,460
  92:	0000                	unimp
  94:	03e4                	addi	s1,sp,460
  96:	0000                	unimp
  98:	03e4                	addi	s1,sp,460
  9a:	0000                	unimp
  9c:	0000                	unimp
	...

Disassembly of section .text:

000000a0 <__divsi3>:
  a0:	02054e63          	bltz	a0,dc <__umodsi3+0x8>
  a4:	0405c363          	bltz	a1,ea <__umodsi3+0x16>

000000a8 <__hidden___udivsi3>:
  a8:	862e                	mv	a2,a1
  aa:	85aa                	mv	a1,a0
  ac:	557d                	li	a0,-1
  ae:	c215                	beqz	a2,d2 <__hidden___udivsi3+0x2a>
  b0:	4685                	li	a3,1
  b2:	00b67863          	bgeu	a2,a1,c2 <__hidden___udivsi3+0x1a>
  b6:	00c05663          	blez	a2,c2 <__hidden___udivsi3+0x1a>
  ba:	0606                	slli	a2,a2,0x1
  bc:	0686                	slli	a3,a3,0x1
  be:	feb66ce3          	bltu	a2,a1,b6 <__hidden___udivsi3+0xe>
  c2:	4501                	li	a0,0
  c4:	00c5e463          	bltu	a1,a2,cc <__hidden___udivsi3+0x24>
  c8:	8d91                	sub	a1,a1,a2
  ca:	8d55                	or	a0,a0,a3
  cc:	8285                	srli	a3,a3,0x1
  ce:	8205                	srli	a2,a2,0x1
  d0:	faf5                	bnez	a3,c4 <__hidden___udivsi3+0x1c>
  d2:	8082                	ret

000000d4 <__umodsi3>:
  d4:	8286                	mv	t0,ra
  d6:	3fc9                	jal	a8 <__hidden___udivsi3>
  d8:	852e                	mv	a0,a1
  da:	8282                	jr	t0
  dc:	40a00533          	neg	a0,a0
  e0:	00b04763          	bgtz	a1,ee <__umodsi3+0x1a>
  e4:	40b005b3          	neg	a1,a1
  e8:	b7c1                	j	a8 <__hidden___udivsi3>
  ea:	40b005b3          	neg	a1,a1
  ee:	8286                	mv	t0,ra
  f0:	3f65                	jal	a8 <__hidden___udivsi3>
  f2:	40a00533          	neg	a0,a0
  f6:	8282                	jr	t0

000000f8 <__modsi3>:
  f8:	8286                	mv	t0,ra
  fa:	0005c763          	bltz	a1,108 <__modsi3+0x10>
  fe:	00054963          	bltz	a0,110 <__modsi3+0x18>
 102:	375d                	jal	a8 <__hidden___udivsi3>
 104:	852e                	mv	a0,a1
 106:	8282                	jr	t0
 108:	40b005b3          	neg	a1,a1
 10c:	fe055be3          	bgez	a0,102 <__modsi3+0xa>
 110:	40a00533          	neg	a0,a0
 114:	3f51                	jal	a8 <__hidden___udivsi3>
 116:	40b00533          	neg	a0,a1
 11a:	8282                	jr	t0
	...

0000011e <_write.constprop.0>:
	USART1->CTLR1 |= CTLR1_UE_Set;
#endif
}

// For debug writing to the UART.
WEAK int _write(int fd, const char *buf, int size)
 11e:	872a                	mv	a4,a0
{
	for(int i = 0; i < size; i++){
 120:	4781                	li	a5,0
WEAK int _write(int fd, const char *buf, int size)
 122:	852e                	mv	a0,a1
#if defined(CH57x) || defined(CH58x) || defined(CH59x)
		while(!(R8_UART1_LSR & RB_LSR_TX_ALL_EMP));
		R8_UART1_THR = buf[i];
#else
		while( !(USART1->STATR & USART_FLAG_TC));
 124:	40014637          	lui	a2,0x40014
	for(int i = 0; i < size; i++){
 128:	00a7c363          	blt	a5,a0,12e <_write.constprop.0+0x10>
		USART1->DATAR = *buf++;
#endif
	}
	return size;
}
 12c:	8082                	ret
		while( !(USART1->STATR & USART_FLAG_TC));
 12e:	80062683          	lw	a3,-2048(a2) # 40013800 <_eusrstack+0x20013000>
 132:	0406f693          	andi	a3,a3,64
 136:	dee5                	beqz	a3,12e <_write.constprop.0+0x10>
		USART1->DATAR = *buf++;
 138:	00f706b3          	add	a3,a4,a5
 13c:	0006c683          	lbu	a3,0(a3)
	for(int i = 0; i < size; i++){
 140:	0785                	addi	a5,a5,1
		USART1->DATAR = *buf++;
 142:	80d62223          	sw	a3,-2044(a2)
 146:	b7cd                	j	128 <_write.constprop.0+0xa>

00000148 <GPIO_analogRead>:
	GPIO_ADC_calibrate();
}

static inline uint16_t GPIO_analogRead(enum GPIO_analog_inputs input) {
	// set mux to selected input
	ADC1->RSQR3 = input;
 148:	400127b7          	lui	a5,0x40012
 14c:	42a7aa23          	sw	a0,1076(a5) # 40012434 <_eusrstack+0x20011c34>
#endif

void DelaySysTick( uint32_t n )
{
#if defined(CH32V003) || defined(CH32V00x)
	uint32_t targend = SysTick->CNT + n;
 150:	e000f7b7          	lui	a5,0xe000f
 154:	4798                	lw	a4,8(a5)
 156:	6789                	lui	a5,0x2
 158:	58078793          	addi	a5,a5,1408 # 2580 <ch32fun.c.30a0b195+0x1654>
 15c:	973e                	add	a4,a4,a5
	while( ((int32_t)( SysTick->CNT - targend )) < 0 );
 15e:	e000f6b7          	lui	a3,0xe000f
 162:	469c                	lw	a5,8(a3)
 164:	8f99                	sub	a5,a5,a4
 166:	fe07cee3          	bltz	a5,162 <GPIO_analogRead+0x1a>
	// allow everything to precharge
	Delay_Us(GPIO_ADC_MUX_DELAY);
	// start sw conversion (auto clears)
	ADC1->CTLR2 |= ADC_SWSTART;
 16a:	400127b7          	lui	a5,0x40012
 16e:	4087a703          	lw	a4,1032(a5) # 40012408 <_eusrstack+0x20011c08>
 172:	004006b7          	lui	a3,0x400
 176:	8f55                	or	a4,a4,a3
 178:	40e7a423          	sw	a4,1032(a5)
	// wait for conversion complete
	while(!(ADC1->STATR & ADC_EOC)) {}
 17c:	40012737          	lui	a4,0x40012
 180:	40072783          	lw	a5,1024(a4) # 40012400 <_eusrstack+0x20011c00>
 184:	8b89                	andi	a5,a5,2
 186:	dfed                	beqz	a5,180 <GPIO_analogRead+0x38>
	// get result
	return ADC1->RDATAR;
 188:	44c72503          	lw	a0,1100(a4)
}
 18c:	0542                	slli	a0,a0,0x10
 18e:	8141                	srli	a0,a0,0x10
 190:	8082                	ret

00000192 <mini_itoa.part.0>:
int mini_itoa(long value, unsigned int radix, int uppercase, int unsig, char *buffer)
 192:	1101                	addi	sp,sp,-32
 194:	ce06                	sw	ra,28(sp)
 196:	cc22                	sw	s0,24(sp)
 198:	ca26                	sw	s1,20(sp)
	int	negative = 0;
 19a:	c002                	sw	zero,0(sp)
int mini_itoa(long value, unsigned int radix, int uppercase, int unsig, char *buffer)
 19c:	832a                	mv	t1,a0
	if (value < 0 && !unsig) {
 19e:	00055763          	bgez	a0,1ac <mini_itoa.part.0+0x1a>
 1a2:	e689                	bnez	a3,1ac <mini_itoa.part.0+0x1a>
		negative = 1;
 1a4:	4785                	li	a5,1
		value = -value;
 1a6:	40a00333          	neg	t1,a0
		negative = 1;
 1aa:	c03e                	sw	a5,0(sp)
 1ac:	06100413          	li	s0,97
 1b0:	c219                	beqz	a2,1b6 <mini_itoa.part.0+0x24>
 1b2:	04100413          	li	s0,65
	int	negative = 0;
 1b6:	84ba                	mv	s1,a4
		*(pbuffer++) = (digit < 10 ? '0' + digit : (uppercase ? 'A' : 'a') + digit - 10);
 1b8:	1459                	addi	s0,s0,-10
		int digit = value % radix;
 1ba:	851a                	mv	a0,t1
 1bc:	c83a                	sw	a4,16(sp)
 1be:	c21a                	sw	t1,4(sp)
 1c0:	c62e                	sw	a1,12(sp)
 1c2:	c41a                	sw	t1,8(sp)
 1c4:	3f01                	jal	d4 <__umodsi3>
		*(pbuffer++) = (digit < 10 ? '0' + digit : (uppercase ? 'A' : 'a') + digit - 10);
 1c6:	47a5                	li	a5,9
 1c8:	4322                	lw	t1,8(sp)
 1ca:	45b2                	lw	a1,12(sp)
 1cc:	4742                	lw	a4,16(sp)
 1ce:	0ff57693          	andi	a3,a0,255
 1d2:	06a7e163          	bltu	a5,a0,234 <mini_itoa.part.0+0xa2>
 1d6:	03068693          	addi	a3,a3,48 # 400030 <psu.c.7dfc4ed6+0x3fd6b6>
 1da:	0ff6f693          	andi	a3,a3,255
 1de:	00148793          	addi	a5,s1,1
 1e2:	00d48023          	sb	a3,0(s1)
		value /= radix;
 1e6:	851a                	mv	a0,t1
 1e8:	c83a                	sw	a4,16(sp)
		*(pbuffer++) = (digit < 10 ? '0' + digit : (uppercase ? 'A' : 'a') + digit - 10);
 1ea:	c63e                	sw	a5,12(sp)
		value /= radix;
 1ec:	c42e                	sw	a1,8(sp)
 1ee:	3d6d                	jal	a8 <__hidden___udivsi3>
	} while (value > 0);
 1f0:	4692                	lw	a3,4(sp)
 1f2:	45a2                	lw	a1,8(sp)
 1f4:	47b2                	lw	a5,12(sp)
 1f6:	4742                	lw	a4,16(sp)
		value /= radix;
 1f8:	832a                	mv	t1,a0
	} while (value > 0);
 1fa:	02b6fb63          	bgeu	a3,a1,230 <mini_itoa.part.0+0x9e>
	if (negative)
 1fe:	4682                	lw	a3,0(sp)
 200:	c699                	beqz	a3,20e <mini_itoa.part.0+0x7c>
		*(pbuffer++) = '-';
 202:	02d00693          	li	a3,45
 206:	00d78023          	sb	a3,0(a5)
 20a:	00248793          	addi	a5,s1,2
	len = (pbuffer - buffer);
 20e:	40e78533          	sub	a0,a5,a4
	for (i = 0; i < len / 2; i++) {
 212:	01f55693          	srli	a3,a0,0x1f
 216:	96aa                	add	a3,a3,a0
	*(pbuffer) = '\0';
 218:	00078023          	sb	zero,0(a5)
	for (i = 0; i < len / 2; i++) {
 21c:	8685                	srai	a3,a3,0x1
 21e:	4601                	li	a2,0
 220:	17fd                	addi	a5,a5,-1
 222:	00d64b63          	blt	a2,a3,238 <mini_itoa.part.0+0xa6>
}
 226:	40f2                	lw	ra,28(sp)
 228:	4462                	lw	s0,24(sp)
 22a:	44d2                	lw	s1,20(sp)
 22c:	6105                	addi	sp,sp,32
 22e:	8082                	ret
	} while (value > 0);
 230:	84be                	mv	s1,a5
 232:	b761                	j	1ba <mini_itoa.part.0+0x28>
		*(pbuffer++) = (digit < 10 ? '0' + digit : (uppercase ? 'A' : 'a') + digit - 10);
 234:	96a2                	add	a3,a3,s0
 236:	b755                	j	1da <mini_itoa.part.0+0x48>
		char j = buffer[i];
 238:	00c705b3          	add	a1,a4,a2
		buffer[i] = buffer[len-i-1];
 23c:	0007c283          	lbu	t0,0(a5)
		char j = buffer[i];
 240:	0005c303          	lbu	t1,0(a1)
	for (i = 0; i < len / 2; i++) {
 244:	0605                	addi	a2,a2,1
		buffer[i] = buffer[len-i-1];
 246:	00558023          	sb	t0,0(a1)
		buffer[len-i-1] = j;
 24a:	00678023          	sb	t1,0(a5)
	for (i = 0; i < len / 2; i++) {
 24e:	bfc9                	j	220 <mini_itoa.part.0+0x8e>

00000250 <mini_pad>:
	int overflow = 0;
 250:	4301                	li	t1,0
	if(pad_to == 0) pad_to = len;
 252:	c2ad                	beqz	a3,2b4 <mini_pad+0x64>
	if(len > pad_to) {
 254:	00b6d463          	bge	a3,a1,25c <mini_pad+0xc>
 258:	85b6                	mv	a1,a3
		overflow = 1;
 25a:	4305                	li	t1,1
	for(i = pad_to - len; i > 0; i --) {
 25c:	8e8d                	sub	a3,a3,a1
 25e:	87ba                	mv	a5,a4
 260:	00d703b3          	add	t2,a4,a3
 264:	40f382b3          	sub	t0,t2,a5
 268:	04504863          	bgtz	t0,2b8 <mini_pad+0x68>
 26c:	0006d363          	bgez	a3,272 <mini_pad+0x22>
 270:	4681                	li	a3,0
 272:	96ba                	add	a3,a3,a4
 274:	4781                	li	a5,0
	for(i = len; i > 0; i --) {
 276:	40f58633          	sub	a2,a1,a5
 27a:	04c04363          	bgtz	a2,2c0 <mini_pad+0x70>
 27e:	0005d363          	bgez	a1,284 <mini_pad+0x34>
 282:	4581                	li	a1,0
 284:	95b6                	add	a1,a1,a3
	len = pbuffer - buffer;
 286:	40e58533          	sub	a0,a1,a4
	if(overflow) {
 28a:	02030463          	beqz	t1,2b2 <mini_pad+0x62>
		for (i = 0; i < 3 && pbuffer > buffer; i ++) {
 28e:	02b77263          	bgeu	a4,a1,2b2 <mini_pad+0x62>
			*(pbuffer-- - 1) = '*';
 292:	02a00793          	li	a5,42
 296:	fef58fa3          	sb	a5,-1(a1)
 29a:	fff58693          	addi	a3,a1,-1
		for (i = 0; i < 3 && pbuffer > buffer; i ++) {
 29e:	00d77a63          	bgeu	a4,a3,2b2 <mini_pad+0x62>
			*(pbuffer-- - 1) = '*';
 2a2:	fef58f23          	sb	a5,-2(a1)
 2a6:	ffe58693          	addi	a3,a1,-2
		for (i = 0; i < 3 && pbuffer > buffer; i ++) {
 2aa:	00d77463          	bgeu	a4,a3,2b2 <mini_pad+0x62>
			*(pbuffer-- - 1) = '*';
 2ae:	fef58ea3          	sb	a5,-3(a1)
}
 2b2:	8082                	ret
	if(pad_to == 0) pad_to = len;
 2b4:	86ae                	mv	a3,a1
 2b6:	b75d                	j	25c <mini_pad+0xc>
		*(pbuffer++) = pad_char;
 2b8:	0785                	addi	a5,a5,1
 2ba:	fec78fa3          	sb	a2,-1(a5)
	for(i = pad_to - len; i > 0; i --) {
 2be:	b75d                	j	264 <mini_pad+0x14>
		*(pbuffer++) = *(ptr++);
 2c0:	00f50633          	add	a2,a0,a5
 2c4:	00064283          	lbu	t0,0(a2)
 2c8:	00f68633          	add	a2,a3,a5
 2cc:	0785                	addi	a5,a5,1
 2ce:	00560023          	sb	t0,0(a2)
	for(i = len; i > 0; i --) {
 2d2:	b755                	j	276 <mini_pad+0x26>

000002d4 <__puts_uart>:
{
 2d4:	1151                	addi	sp,sp,-12
 2d6:	c222                	sw	s0,4(sp)
 2d8:	c406                	sw	ra,8(sp)
 2da:	842e                	mv	s0,a1
	_write( 0, s, len );
 2dc:	3589                	jal	11e <_write.constprop.0>
}
 2de:	40a2                	lw	ra,8(sp)
 2e0:	8522                	mv	a0,s0
 2e2:	4412                	lw	s0,4(sp)
 2e4:	0131                	addi	sp,sp,12
 2e6:	8082                	ret

000002e8 <SystemInit>:
	#endif
#elif defined(CH32X03x)
	FLASH->ACTLR = FLASH_ACTLR_LATENCY_2;                   // +2 Cycle Latency (Recommended per TRM)
#elif defined(CH32V003)
	#if FUNCONF_SYSTEM_CORE_CLOCK > 25000000
		FLASH->ACTLR = FLASH_ACTLR_LATENCY_1;               // +1 Cycle Latency
 2e8:	400227b7          	lui	a5,0x40022
 2ec:	4705                	li	a4,1
 2ee:	c398                	sw	a4,0(a5)
#elif defined(FUNCONF_USE_HSI) && FUNCONF_USE_HSI
	#if defined(CH32V30x) || defined(CH32V20x) || defined(CH32V10x)
		EXTEN->EXTEN_CTR |= EXTEN_PLL_HSI_PRE;
	#endif
	#if defined(FUNCONF_USE_PLL) && FUNCONF_USE_PLL
		RCC->CFGR0 = BASE_CFGR0;
 2f0:	400217b7          	lui	a5,0x40021
		RCC->CTLR  = BASE_CTLR | RCC_HSION | RCC_PLLON; 			// Use HSI, enable PLL.
 2f4:	01080737          	lui	a4,0x1080
		RCC->CFGR0 = BASE_CFGR0;
 2f8:	0007a223          	sw	zero,4(a5) # 40021004 <_eusrstack+0x20020804>
		RCC->CTLR  = BASE_CTLR | RCC_HSION | RCC_PLLON; 			// Use HSI, enable PLL.
 2fc:	08170713          	addi	a4,a4,129 # 1080081 <psu.c.7dfc4ed6+0x107d707>
 300:	c398                	sw	a4,0(a5)
		FLASH->ACTLR = FLASH_ACTLR_LATENCY_1;       		// +1 Cycle Latency
	#endif
#endif

#if !defined(CH57x) && !defined(CH58x) && !defined(CH59x)
	RCC->INTR  = 0x009F0000;                               // Clear PLL, CSSC, HSE, HSI and LSI ready flags.
 302:	009f0737          	lui	a4,0x9f0
 306:	c798                	sw	a4,8(a5)
#endif

#if defined(FUNCONF_USE_PLL) && FUNCONF_USE_PLL && !defined(CH57x) && !defined(CH58x) && !defined(CH59x)
	while((RCC->CTLR & RCC_PLLRDY) == 0);                       	// Wait till PLL is ready
 308:	40021737          	lui	a4,0x40021
 30c:	431c                	lw	a5,0(a4)
 30e:	00679693          	slli	a3,a5,0x6
 312:	fe06dde3          	bgez	a3,30c <SystemInit+0x24>
	uint32_t tmp32 = RCC->CFGR0 & ~(0x03);							// clr the SW
 316:	435c                	lw	a5,4(a4)
	RCC->CFGR0 = tmp32 | RCC_SW_PLL;                       			// Select PLL as system clock source
	while ((RCC->CFGR0 & (uint32_t)RCC_SWS) != (uint32_t)0x08); 	// Wait till PLL is used as system clock source
 318:	4621                	li	a2,8
	uint32_t tmp32 = RCC->CFGR0 & ~(0x03);							// clr the SW
 31a:	9bf1                	andi	a5,a5,-4
	RCC->CFGR0 = tmp32 | RCC_SW_PLL;                       			// Select PLL as system clock source
 31c:	0027e793          	ori	a5,a5,2
 320:	c35c                	sw	a5,4(a4)
	while ((RCC->CFGR0 & (uint32_t)RCC_SWS) != (uint32_t)0x08); 	// Wait till PLL is used as system clock source
 322:	400217b7          	lui	a5,0x40021
 326:	43d8                	lw	a4,4(a5)
 328:	8b31                	andi	a4,a4,12
 32a:	fec71ee3          	bne	a4,a2,326 <SystemInit+0x3e>
	RCC->APB2PCENR |= RCC_APB2Periph_GPIOD | RCC_APB2Periph_USART1;
 32e:	4f98                	lw	a4,24(a5)
 330:	6691                	lui	a3,0x4
 332:	02068693          	addi	a3,a3,32 # 4020 <psu.c.7dfc4ed6+0x16a6>
 336:	8f55                	or	a4,a4,a3
 338:	cf98                	sw	a4,24(a5)
	GPIOD->CFGLR &= ~(0xf<<(4*5));
 33a:	400117b7          	lui	a5,0x40011
 33e:	4007a703          	lw	a4,1024(a5) # 40011400 <_eusrstack+0x20010c00>
 342:	ff1006b7          	lui	a3,0xff100
 346:	16fd                	addi	a3,a3,-1
 348:	8f75                	and	a4,a4,a3
 34a:	40e7a023          	sw	a4,1024(a5)
	GPIOD->CFGLR |= (GPIO_Speed_10MHz | GPIO_CNF_OUT_PP_AF)<<(4*5);
 34e:	4007a703          	lw	a4,1024(a5)
 352:	009006b7          	lui	a3,0x900
 356:	8f55                	or	a4,a4,a3
 358:	40e7a023          	sw	a4,1024(a5)
	USART1->CTLR1 = USART_WordLength_8b | USART_Parity_No | USART_Mode_Tx;
 35c:	400147b7          	lui	a5,0x40014
 360:	80c7a623          	sw	a2,-2036(a5) # 4001380c <_eusrstack+0x2001300c>
	USART1->CTLR2 = USART_StopBits_1;
 364:	8007a823          	sw	zero,-2032(a5)
	USART1->CTLR3 = USART_HardwareFlowControl_None;
 368:	8007aa23          	sw	zero,-2028(a5)
	USART1->BRR = uartBRR;
 36c:	1a100713          	li	a4,417
 370:	80e7a423          	sw	a4,-2040(a5)
	USART1->CTLR1 |= CTLR1_UE_Set;
 374:	80c7a703          	lw	a4,-2036(a5)
 378:	6689                	lui	a3,0x2
 37a:	8f55                	or	a4,a4,a3
 37c:	80e7a623          	sw	a4,-2036(a5)
	SetupUART( UART_BRR );
#endif
#if defined( FUNCONF_USE_DEBUGPRINTF ) && FUNCONF_USE_DEBUGPRINTF
	SetupDebugPrintf();
#endif
}
 380:	8082                	ret

00000382 <putchar>:
	while( !(USART1->STATR & USART_FLAG_TC));
 382:	40014737          	lui	a4,0x40014
 386:	80072783          	lw	a5,-2048(a4) # 40013800 <_eusrstack+0x20013000>
 38a:	0407f793          	andi	a5,a5,64
 38e:	dfe5                	beqz	a5,386 <putchar+0x4>
	USART1->DATAR = (const char)c;
 390:	0ff57513          	andi	a0,a0,255
 394:	80a72223          	sw	a0,-2044(a4)
}
 398:	4505                	li	a0,1
 39a:	8082                	ret

0000039c <PrintHex>:
{
 39c:	1151                	addi	sp,sp,-12
 39e:	c026                	sw	s1,0(sp)
 3a0:	84aa                	mv	s1,a0
	putchar( ' ' );
 3a2:	02000513          	li	a0,32
{
 3a6:	c406                	sw	ra,8(sp)
 3a8:	c222                	sw	s0,4(sp)
	putchar( ' ' );
 3aa:	3fe1                	jal	382 <putchar>
	putchar( '0' );
 3ac:	03000513          	li	a0,48
 3b0:	3fc9                	jal	382 <putchar>
	putchar( 'x' );
 3b2:	07800513          	li	a0,120
 3b6:	37f1                	jal	382 <putchar>
	for( shift = 28; shift >= 0; shift -= 4 )
 3b8:	4471                	li	s0,28
		int s = (n>>shift) & 0xf;
 3ba:	0084d7b3          	srl	a5,s1,s0
 3be:	8bbd                	andi	a5,a5,15
		s += ( s < 10 ) ? '0' : ('a' - 10);
 3c0:	4725                	li	a4,9
 3c2:	03000513          	li	a0,48
 3c6:	00f75463          	bge	a4,a5,3ce <PrintHex+0x32>
 3ca:	05700513          	li	a0,87
		putchar( s );
 3ce:	953e                	add	a0,a0,a5
 3d0:	3f4d                	jal	382 <putchar>
	for( shift = 28; shift >= 0; shift -= 4 )
 3d2:	1471                	addi	s0,s0,-4
 3d4:	57f1                	li	a5,-4
 3d6:	fef412e3          	bne	s0,a5,3ba <PrintHex+0x1e>
}
 3da:	40a2                	lw	ra,8(sp)
 3dc:	4412                	lw	s0,4(sp)
 3de:	4482                	lw	s1,0(sp)
 3e0:	0131                	addi	sp,sp,12
 3e2:	8082                	ret

000003e4 <ADC1_2_IRQHandler>:

// Return the Machine Exception Program Register (MEPC)
static inline uint32_t __get_MEPC(void)
{
	uint32_t result;
	__ASM volatile( ADD_ARCH_ZICSR "csrr %0," "mepc" : "=r"(result));
 3e4:	34102573          	csrr	a0,mepc
	PrintHex( __get_MEPC() ); // "addr2line -e debugprintfdemo.elf 0x000007e6" ---> debugprintfdemo.c:45
 3e8:	3f55                	jal	39c <PrintHex>
	__ASM volatile( ADD_ARCH_ZICSR "csrr %0, mstatus": "=r"(result) );
 3ea:	30002573          	csrr	a0,mstatus
	PrintHex( __get_MSTATUS() );
 3ee:	377d                	jal	39c <PrintHex>

// Return the Machine Trap Value Register (MTVAL)
static inline uint32_t __get_MTVAL(void)
{
	uint32_t result;
	__ASM volatile( ADD_ARCH_ZICSR "csrr %0," "mtval" : "=r" (result) );
 3f0:	34302573          	csrr	a0,mtval
	PrintHex( __get_MTVAL() );
 3f4:	3765                	jal	39c <PrintHex>
	__ASM volatile( ADD_ARCH_ZICSR "csrr %0," "mcause": "=r"(result));
 3f6:	34202573          	csrr	a0,mcause
	PrintHex( __get_MCAUSE() );
 3fa:	374d                	jal	39c <PrintHex>
	putchar( '\n' );
 3fc:	4529                	li	a0,10
 3fe:	3751                	jal	382 <putchar>
	asm volatile( "1: j 1b" );
 400:	a001                	j	400 <ADC1_2_IRQHandler+0x1c>

00000402 <NMI_Handler>:
	RCC->INTR |= RCC_CSSC;	// clear the clock security int flag
 402:	40021737          	lui	a4,0x40021
 406:	471c                	lw	a5,8(a4)
 408:	008006b7          	lui	a3,0x800
 40c:	8fd5                	or	a5,a5,a3
 40e:	c71c                	sw	a5,8(a4)

00000410 <strlen>:
{
 410:	87aa                	mv	a5,a0
	for (; *s; s++);
 412:	0007c703          	lbu	a4,0(a5)
 416:	e701                	bnez	a4,41e <strlen+0xe>
}
 418:	40a78533          	sub	a0,a5,a0
 41c:	8082                	ret
	for (; *s; s++);
 41e:	0785                	addi	a5,a5,1
 420:	bfcd                	j	412 <strlen+0x2>

00000422 <mini_vpprintf>:
{
 422:	fa410113          	addi	sp,sp,-92
 426:	c8a6                	sw	s1,80(sp)
 428:	cc86                	sw	ra,88(sp)
 42a:	caa2                	sw	s0,84(sp)
 42c:	c02a                	sw	a0,0(sp)
 42e:	c22e                	sw	a1,4(sp)
 430:	84b2                	mv	s1,a2
 432:	87b6                	mv	a5,a3
	int n = 0;
 434:	c802                	sw	zero,16(sp)
	while ((ch=*(fmt++))) {
 436:	0004c703          	lbu	a4,0(s1)
 43a:	00148413          	addi	s0,s1,1
 43e:	00e10fa3          	sb	a4,31(sp)
 442:	eb01                	bnez	a4,452 <mini_vpprintf+0x30>
}
 444:	40e6                	lw	ra,88(sp)
 446:	4456                	lw	s0,84(sp)
 448:	4542                	lw	a0,16(sp)
 44a:	44c6                	lw	s1,80(sp)
 44c:	05c10113          	addi	sp,sp,92
 450:	8082                	ret
		if (ch!='%') {
 452:	02500693          	li	a3,37
 456:	00d70f63          	beq	a4,a3,474 <mini_vpprintf+0x52>
 45a:	c43e                	sw	a5,8(sp)
			len = puts(&ch, len, buf);
 45c:	4612                	lw	a2,4(sp)
 45e:	4782                	lw	a5,0(sp)
 460:	4585                	li	a1,1
 462:	01f10513          	addi	a0,sp,31
 466:	9782                	jalr	a5
	while ((ch=*(fmt++))) {
 468:	84a2                	mv	s1,s0
		n = n + len;
 46a:	47c2                	lw	a5,16(sp)
 46c:	97aa                	add	a5,a5,a0
 46e:	c83e                	sw	a5,16(sp)
 470:	47a2                	lw	a5,8(sp)
 472:	b7d1                	j	436 <mini_vpprintf+0x14>
			ch=*(fmt++);
 474:	0014c683          	lbu	a3,1(s1)
			if (ch == '0') pad_char = '0';
 478:	03000613          	li	a2,48
			ch=*(fmt++);
 47c:	00248713          	addi	a4,s1,2
 480:	00d10fa3          	sb	a3,31(sp)
			if (ch == '0') pad_char = '0';
 484:	03000413          	li	s0,48
 488:	08c69063          	bne	a3,a2,508 <mini_vpprintf+0xe6>
				ch=*(fmt++);
 48c:	84ba                	mv	s1,a4
 48e:	4601                	li	a2,0
 490:	4701                	li	a4,0
			while (ch >= '0' && ch <= '9') {
 492:	4525                	li	a0,9
 494:	a811                	j	4a8 <mini_vpprintf+0x86>
				pad_to = pad_to * 10 + (ch - '0');
 496:	00271693          	slli	a3,a4,0x2
				ch=*(fmt++);
 49a:	0485                	addi	s1,s1,1
				pad_to = pad_to * 10 + (ch - '0');
 49c:	9736                	add	a4,a4,a3
				ch=*(fmt++);
 49e:	fff4c683          	lbu	a3,-1(s1)
				pad_to = pad_to * 10 + (ch - '0');
 4a2:	0706                	slli	a4,a4,0x1
 4a4:	972e                	add	a4,a4,a1
				ch=*(fmt++);
 4a6:	4605                	li	a2,1
			while (ch >= '0' && ch <= '9') {
 4a8:	fd068593          	addi	a1,a3,-48 # 7fffd0 <psu.c.7dfc4ed6+0x7fd656>
 4ac:	0ff5f313          	andi	t1,a1,255
 4b0:	fe6573e3          	bgeu	a0,t1,496 <mini_vpprintf+0x74>
 4b4:	c219                	beqz	a2,4ba <mini_vpprintf+0x98>
 4b6:	00d10fa3          	sb	a3,31(sp)
			if(pad_to > (signed int) sizeof(bf)) {
 4ba:	c63a                	sw	a4,12(sp)
 4bc:	4661                	li	a2,24
 4be:	00e65363          	bge	a2,a4,4c4 <mini_vpprintf+0xa2>
 4c2:	c632                	sw	a2,12(sp)
			if (ch == 'l') {
 4c4:	06c00593          	li	a1,108
			char l = 0;
 4c8:	4601                	li	a2,0
			if (ch == 'l') {
 4ca:	00b69863          	bne	a3,a1,4da <mini_vpprintf+0xb8>
				ch=*(fmt++);
 4ce:	0004c683          	lbu	a3,0(s1)
				l = 1;
 4d2:	4605                	li	a2,1
				ch=*(fmt++);
 4d4:	0485                	addi	s1,s1,1
 4d6:	00d10fa3          	sb	a3,31(sp)
			switch (ch) {
 4da:	01f14683          	lbu	a3,31(sp)
 4de:	06400593          	li	a1,100
 4e2:	06b68363          	beq	a3,a1,548 <mini_vpprintf+0x126>
 4e6:	02d5e463          	bltu	a1,a3,50e <mini_vpprintf+0xec>
 4ea:	05800713          	li	a4,88
 4ee:	0ae68063          	beq	a3,a4,58e <mini_vpprintf+0x16c>
 4f2:	06300713          	li	a4,99
 4f6:	0ae68d63          	beq	a3,a4,5b0 <mini_vpprintf+0x18e>
 4fa:	d6a9                	beqz	a3,444 <mini_vpprintf+0x22>
					len = puts(&ch, len, buf);
 4fc:	4612                	lw	a2,4(sp)
 4fe:	c43e                	sw	a5,8(sp)
 500:	4585                	li	a1,1
 502:	01f10513          	addi	a0,sp,31
 506:	a0bd                	j	574 <mini_vpprintf+0x152>
			char pad_char = ' ';
 508:	02000413          	li	s0,32
 50c:	b741                	j	48c <mini_vpprintf+0x6a>
			switch (ch) {
 50e:	07500593          	li	a1,117
 512:	02b68b63          	beq	a3,a1,548 <mini_vpprintf+0x126>
 516:	07800613          	li	a2,120
 51a:	06c68a63          	beq	a3,a2,58e <mini_vpprintf+0x16c>
 51e:	07300613          	li	a2,115
 522:	fcc69de3          	bne	a3,a2,4fc <mini_vpprintf+0xda>
 526:	cc3a                	sw	a4,24(sp)
					ptr = va_arg(va, char*);
 528:	00478713          	addi	a4,a5,4
 52c:	439c                	lw	a5,0(a5)
 52e:	c43a                	sw	a4,8(sp)
					len = mini_strlen(ptr);
 530:	853e                	mv	a0,a5
 532:	ca3e                	sw	a5,20(sp)
 534:	3df1                	jal	410 <strlen>
					if (pad_to > 0) {
 536:	4762                	lw	a4,24(sp)
 538:	47d2                	lw	a5,20(sp)
					len = mini_strlen(ptr);
 53a:	85aa                	mv	a1,a0
					if (pad_to > 0) {
 53c:	c759                	beqz	a4,5ca <mini_vpprintf+0x1a8>
						len = mini_pad(ptr, len, pad_char, pad_to, bf);
 53e:	46b2                	lw	a3,12(sp)
 540:	1838                	addi	a4,sp,56
 542:	8622                	mv	a2,s0
 544:	853e                	mv	a0,a5
 546:	a01d                	j	56c <mini_vpprintf+0x14a>
					if(l) {
 548:	00478713          	addi	a4,a5,4
 54c:	c43a                	sw	a4,8(sp)
 54e:	c615                	beqz	a2,57a <mini_vpprintf+0x158>
						len = mini_itoa(va_arg(va, unsigned long), 10, 0, (ch=='u'), bf2);
 550:	f8b68693          	addi	a3,a3,-117
 554:	1018                	addi	a4,sp,32
 556:	0016b693          	seqz	a3,a3
 55a:	4388                	lw	a0,0(a5)
 55c:	4601                	li	a2,0
 55e:	45a9                	li	a1,10
 560:	390d                	jal	192 <mini_itoa.part.0>
					len = mini_pad(bf2, len, pad_char, pad_to, bf);
 562:	46b2                	lw	a3,12(sp)
 564:	1838                	addi	a4,sp,56
 566:	8622                	mv	a2,s0
 568:	85aa                	mv	a1,a0
					len = mini_pad(bf2, len, pad_char, pad_to, bf);
 56a:	1008                	addi	a0,sp,32
 56c:	31d5                	jal	250 <mini_pad>
					len = puts(bf, len, buf);
 56e:	4612                	lw	a2,4(sp)
					len = mini_pad(bf2, len, pad_char, pad_to, bf);
 570:	85aa                	mv	a1,a0
					len = puts(bf, len, buf);
 572:	1828                	addi	a0,sp,56
					len = puts(&ch, len, buf);
 574:	4782                	lw	a5,0(sp)
 576:	9782                	jalr	a5
					break;
 578:	bdcd                	j	46a <mini_vpprintf+0x48>
						if(ch == 'u') {
 57a:	07500713          	li	a4,117
 57e:	00e69563          	bne	a3,a4,588 <mini_vpprintf+0x166>
	if (radix > 16)
 582:	1018                	addi	a4,sp,32
 584:	4685                	li	a3,1
 586:	bfd1                	j	55a <mini_vpprintf+0x138>
 588:	1018                	addi	a4,sp,32
 58a:	4681                	li	a3,0
 58c:	b7f9                	j	55a <mini_vpprintf+0x138>
					if(l) {
 58e:	4388                	lw	a0,0(a5)
 590:	00478713          	addi	a4,a5,4
 594:	fa868613          	addi	a2,a3,-88
 598:	c43a                	sw	a4,8(sp)
	if (radix > 16)
 59a:	4685                	li	a3,1
 59c:	1018                	addi	a4,sp,32
 59e:	00163613          	seqz	a2,a2
 5a2:	45c1                	li	a1,16
 5a4:	36fd                	jal	192 <mini_itoa.part.0>
					len = mini_pad(bf2, len, pad_char, pad_to, bf);
 5a6:	46b2                	lw	a3,12(sp)
 5a8:	85aa                	mv	a1,a0
 5aa:	1838                	addi	a4,sp,56
 5ac:	8622                	mv	a2,s0
 5ae:	bf75                	j	56a <mini_vpprintf+0x148>
					ch = (char)(va_arg(va, int));
 5b0:	00478713          	addi	a4,a5,4
 5b4:	439c                	lw	a5,0(a5)
 5b6:	c43a                	sw	a4,8(sp)
					len = mini_pad(&ch, 1, pad_char, pad_to, bf);
 5b8:	46b2                	lw	a3,12(sp)
					ch = (char)(va_arg(va, int));
 5ba:	00f10fa3          	sb	a5,31(sp)
					len = mini_pad(&ch, 1, pad_char, pad_to, bf);
 5be:	1838                	addi	a4,sp,56
 5c0:	8622                	mv	a2,s0
 5c2:	4585                	li	a1,1
 5c4:	01f10513          	addi	a0,sp,31
 5c8:	b755                	j	56c <mini_vpprintf+0x14a>
						len = puts(ptr, len, buf);
 5ca:	4612                	lw	a2,4(sp)
 5cc:	853e                	mv	a0,a5
 5ce:	b75d                	j	574 <mini_vpprintf+0x152>

000005d0 <printf>:
{
 5d0:	fdc10113          	addi	sp,sp,-36
 5d4:	ca32                	sw	a2,20(sp)
	int ret_status = mini_vpprintf(__puts_uart, 0, format, args);
 5d6:	862a                	mv	a2,a0
{
 5d8:	c82e                	sw	a1,16(sp)
 5da:	cc36                	sw	a3,24(sp)
	int ret_status = mini_vpprintf(__puts_uart, 0, format, args);
 5dc:	4581                	li	a1,0
	va_start( args, format );
 5de:	0814                	addi	a3,sp,16
	int ret_status = mini_vpprintf(__puts_uart, 0, format, args);
 5e0:	2d400513          	li	a0,724
{
 5e4:	c606                	sw	ra,12(sp)
 5e6:	ce3a                	sw	a4,28(sp)
 5e8:	d03e                	sw	a5,32(sp)
	va_start( args, format );
 5ea:	c036                	sw	a3,0(sp)
	int ret_status = mini_vpprintf(__puts_uart, 0, format, args);
 5ec:	3d1d                	jal	422 <mini_vpprintf>
}
 5ee:	40b2                	lw	ra,12(sp)
 5f0:	02410113          	addi	sp,sp,36
 5f4:	8082                	ret

000005f6 <main>:
	}
	
}

int main()
{
 5f6:	1151                	addi	sp,sp,-12
 5f8:	c406                	sw	ra,8(sp)
 5fa:	c222                	sw	s0,4(sp)
 5fc:	c026                	sw	s1,0(sp)
	SystemInit();
 5fe:	31ed                	jal	2e8 <SystemInit>

	GPIO_port_enable(GPIO_port_D);
 600:	400217b7          	lui	a5,0x40021
 604:	4f98                	lw	a4,24(a5)
	RCC->CFGR0 &= ~(0x1F<<11);
 606:	76c1                	lui	a3,0xffff0
 608:	7ff68693          	addi	a3,a3,2047 # ffff07ff <_eusrstack+0xdffeffff>
 60c:	02076713          	ori	a4,a4,32
 610:	cf98                	sw	a4,24(a5)
	GPIO_port_enable(GPIO_port_C);
 612:	4f98                	lw	a4,24(a5)
 614:	01076713          	ori	a4,a4,16
 618:	cf98                	sw	a4,24(a5)
 61a:	43d8                	lw	a4,4(a5)
 61c:	8f75                	and	a4,a4,a3
 61e:	c3d8                	sw	a4,4(a5)
	RCC->APB2PCENR |= RCC_APB2Periph_ADC1;
 620:	4f98                	lw	a4,24(a5)
	GPIO_ADC_set_sampletimes_all(GPIO_ADC_sampletime);
 622:	400006b7          	lui	a3,0x40000
 626:	16fd                	addi	a3,a3,-1
	RCC->APB2PCENR |= RCC_APB2Periph_ADC1;
 628:	20076713          	ori	a4,a4,512
 62c:	cf98                	sw	a4,24(a5)
	RCC->APB2PRSTR |= RCC_APB2Periph_ADC1;
 62e:	47d8                	lw	a4,12(a5)
 630:	20076713          	ori	a4,a4,512
 634:	c7d8                	sw	a4,12(a5)
	RCC->APB2PRSTR &= ~RCC_APB2Periph_ADC1;
 636:	47d8                	lw	a4,12(a5)
 638:	dff77713          	andi	a4,a4,-513
 63c:	c7d8                	sw	a4,12(a5)
	GPIO_ADC_set_sampletimes_all(GPIO_ADC_sampletime);
 63e:	400127b7          	lui	a5,0x40012
 642:	4107a703          	lw	a4,1040(a5) # 40012410 <_eusrstack+0x20011c10>
 646:	4007a823          	sw	zero,1040(a5)
 64a:	4107a703          	lw	a4,1040(a5)
 64e:	40078793          	addi	a5,a5,1024
 652:	8f55                	or	a4,a4,a3
 654:	cb98                	sw	a4,16(a5)
 656:	47d8                	lw	a4,12(a5)
 658:	0007a623          	sw	zero,12(a5)
 65c:	47d8                	lw	a4,12(a5)
 65e:	000406b7          	lui	a3,0x40
 662:	16fd                	addi	a3,a3,-1
 664:	8f55                	or	a4,a4,a3
 666:	c7d8                	sw	a4,12(a5)
	ADC1->CTLR2 |= ADC_EXTSEL;
 668:	4798                	lw	a4,8(a5)
 66a:	000e06b7          	lui	a3,0xe0
 66e:	8f55                	or	a4,a4,a3
 670:	c798                	sw	a4,8(a5)
	ADC1->RSQR1 = 0;
 672:	0207a623          	sw	zero,44(a5)
	ADC1->RSQR2 = 0;
 676:	0207a823          	sw	zero,48(a5)
	ADC1->RSQR3 = 0;
 67a:	0207aa23          	sw	zero,52(a5)
	GPIO_ADC_set_power(1);
 67e:	4798                	lw	a4,8(a5)
	GPIO_ADC_calibrate();
 680:	400126b7          	lui	a3,0x40012
	GPIO_ADC_set_power(1);
 684:	00176713          	ori	a4,a4,1
 688:	c798                	sw	a4,8(a5)
	GPIO_ADC_calibrate();
 68a:	4798                	lw	a4,8(a5)
 68c:	00876713          	ori	a4,a4,8
 690:	c798                	sw	a4,8(a5)
 692:	4086a703          	lw	a4,1032(a3) # 40012408 <_eusrstack+0x20011c08>
 696:	8b21                	andi	a4,a4,8
 698:	ff6d                	bnez	a4,692 <main+0x9c>
 69a:	4086a703          	lw	a4,1032(a3)
 69e:	00476713          	ori	a4,a4,4
 6a2:	40e6a423          	sw	a4,1032(a3)
 6a6:	40012737          	lui	a4,0x40012
 6aa:	40872783          	lw	a5,1032(a4) # 40012408 <_eusrstack+0x20011c08>
 6ae:	8b91                	andi	a5,a5,4
 6b0:	ffed                	bnez	a5,6aa <main+0xb4>
	GPIO_ADCinit();



	GPIO_pinMode(PSU_EN, GPIO_pinMode_O_pushPull, GPIO_Speed_10MHz);
 6b2:	400117b7          	lui	a5,0x40011
 6b6:	4398                	lw	a4,0(a5)
 6b8:	76c5                	lui	a3,0xffff1
 6ba:	16fd                	addi	a3,a3,-1
 6bc:	8f75                	and	a4,a4,a3
 6be:	c398                	sw	a4,0(a5)
 6c0:	4394                	lw	a3,0(a5)
 6c2:	6705                	lui	a4,0x1
	GPIO_pinMode(EN_LED, GPIO_pinMode_O_pushPull, GPIO_Speed_10MHz);
 6c4:	100005b7          	lui	a1,0x10000
	GPIO_pinMode(PSU_EN, GPIO_pinMode_O_pushPull, GPIO_Speed_10MHz);
 6c8:	8ed9                	or	a3,a3,a4
 6ca:	c394                	sw	a3,0(a5)
	GPIO_pinMode(EN_LED, GPIO_pinMode_O_pushPull, GPIO_Speed_10MHz);
 6cc:	4390                	lw	a2,0(a5)
 6ce:	fff58693          	addi	a3,a1,-1 # fffffff <psu.c.7dfc4ed6+0xfffd685>
	GPIO_pinMode(FAULT_LED, GPIO_pinMode_O_pushPull, GPIO_Speed_10MHz);


	GPIO_pinMode(BUTTON, GPIO_pinMode_I_pullUp, GPIO_Speed_In); 
 6d2:	80070713          	addi	a4,a4,-2048 # 800 <handle_reset+0x2e>
	GPIO_pinMode(EN_LED, GPIO_pinMode_O_pushPull, GPIO_Speed_10MHz);
 6d6:	8e75                	and	a2,a2,a3
 6d8:	c390                	sw	a2,0(a5)
 6da:	4394                	lw	a3,0(a5)
	GPIO_pinMode(FAULT_LED, GPIO_pinMode_O_pushPull, GPIO_Speed_10MHz);
 6dc:	f1000637          	lui	a2,0xf1000
 6e0:	167d                	addi	a2,a2,-1
	GPIO_pinMode(EN_LED, GPIO_pinMode_O_pushPull, GPIO_Speed_10MHz);
 6e2:	8ecd                	or	a3,a3,a1
 6e4:	c394                	sw	a3,0(a5)
	GPIO_pinMode(FAULT_LED, GPIO_pinMode_O_pushPull, GPIO_Speed_10MHz);
 6e6:	4394                	lw	a3,0(a5)
 6e8:	8ef1                	and	a3,a3,a2
 6ea:	c394                	sw	a3,0(a5)
 6ec:	4394                	lw	a3,0(a5)
 6ee:	01000637          	lui	a2,0x1000
 6f2:	8ed1                	or	a3,a3,a2
 6f4:	c394                	sw	a3,0(a5)
	GPIO_pinMode(BUTTON, GPIO_pinMode_I_pullUp, GPIO_Speed_In); 
 6f6:	4007a683          	lw	a3,1024(a5) # 40011400 <_eusrstack+0x20010c00>
 6fa:	767d                	lui	a2,0xfffff
 6fc:	0ff60613          	addi	a2,a2,255 # fffff0ff <_eusrstack+0xdfffe8ff>
 700:	8ef1                	and	a3,a3,a2
 702:	40d7a023          	sw	a3,1024(a5)
 706:	4007a683          	lw	a3,1024(a5)
 70a:	8f55                	or	a4,a4,a3
 70c:	40e7a023          	sw	a4,1024(a5)
 710:	4711                	li	a4,4
 712:	40e7a823          	sw	a4,1040(a5)
	GPIO_pinMode(PS_ALARM, GPIO_pinMode_I_pullUp, GPIO_Speed_In); 
 716:	4398                	lw	a4,0(a5)
 718:	fff106b7          	lui	a3,0xfff10
 71c:	16fd                	addi	a3,a3,-1
 71e:	8f75                	and	a4,a4,a3
 720:	c398                	sw	a4,0(a5)
 722:	4398                	lw	a4,0(a5)
 724:	000806b7          	lui	a3,0x80
 728:	8f55                	or	a4,a4,a3
 72a:	c398                	sw	a4,0(a5)
 72c:	4741                	li	a4,16
 72e:	cb98                	sw	a4,16(a5)
	

	while(1)
	{
		// read button and look for risig edge
		btn = !GPIO_digitalRead(BUTTON);
 730:	40011737          	lui	a4,0x40011
 734:	40872783          	lw	a5,1032(a4) # 40011408 <_eusrstack+0x20010c08>
 738:	8389                	srli	a5,a5,0x2
 73a:	fff7c793          	not	a5,a5
 73e:	8b85                	andi	a5,a5,1
 740:	c0f18223          	sb	a5,-1020(gp) # 20000000 <btn>
		if(btn && !btn_prv){
 744:	c0418413          	addi	s0,gp,-1020 # 20000000 <btn>
 748:	c395                	beqz	a5,76c <main+0x176>
 74a:	c051c783          	lbu	a5,-1019(gp) # 20000001 <btn_prv>
 74e:	ef99                	bnez	a5,76c <main+0x176>
			set_supply(!supply_on);
 750:	c0618693          	addi	a3,gp,-1018 # 20000002 <supply_on>
 754:	0006c783          	lbu	a5,0(a3) # 80000 <psu.c.7dfc4ed6+0x7d686>
 758:	0017c793          	xori	a5,a5,1
	supply_on = state;
 75c:	00f68023          	sb	a5,0(a3)
	if(supply_on) {
 760:	cfb1                	beqz	a5,7bc <main+0x1c6>
		GPIO_digitalWrite(PSU_EN, high);
 762:	47a1                	li	a5,8
 764:	cb1c                	sw	a5,16(a4)
		GPIO_digitalWrite(EN_LED, high);
 766:	08000793          	li	a5,128
		GPIO_digitalWrite(EN_LED, low);
 76a:	cb1c                	sw	a5,16(a4)
		}

		// Read PSOK pin and light FAULT_LED if it goes low and supply is on
		if((GPIO_analogRead(GPIO_Ain4_D3) < 500) && supply_on) {
 76c:	4511                	li	a0,4
 76e:	3ae9                	jal	148 <GPIO_analogRead>
 770:	1f300793          	li	a5,499
 774:	04a7ea63          	bltu	a5,a0,7c8 <main+0x1d2>
 778:	c061c783          	lbu	a5,-1018(gp) # 20000002 <supply_on>
 77c:	c7b1                	beqz	a5,7c8 <main+0x1d2>
			GPIO_digitalWrite(FAULT_LED, high);
 77e:	400117b7          	lui	a5,0x40011
 782:	04000713          	li	a4,64
		} else {
			GPIO_digitalWrite(FAULT_LED, low);
 786:	cb98                	sw	a4,16(a5)
		} 
		printf("Current value: %u\n", GPIO_analogRead(GPIO_Ain7_D4));
 788:	451d                	li	a0,7
 78a:	3a7d                	jal	148 <GPIO_analogRead>
 78c:	85aa                	mv	a1,a0
 78e:	6505                	lui	a0,0x1
 790:	84450513          	addi	a0,a0,-1980 # 844 <handle_reset+0x72>
 794:	3d35                	jal	5d0 <printf>
	uint32_t targend = SysTick->CNT + n;
 796:	e000f7b7          	lui	a5,0xe000f
 79a:	4798                	lw	a4,8(a5)
 79c:	0024a7b7          	lui	a5,0x24a
 7a0:	f0078793          	addi	a5,a5,-256 # 249f00 <psu.c.7dfc4ed6+0x247586>
 7a4:	973e                	add	a4,a4,a5
	while( ((int32_t)( SysTick->CNT - targend )) < 0 );
 7a6:	e000f6b7          	lui	a3,0xe000f
 7aa:	469c                	lw	a5,8(a3)
 7ac:	8f99                	sub	a5,a5,a4
 7ae:	fe07cee3          	bltz	a5,7aa <main+0x1b4>
		Delay_Ms(50);
		btn_prv = btn;
 7b2:	00044783          	lbu	a5,0(s0)
 7b6:	c0f182a3          	sb	a5,-1019(gp) # 20000001 <btn_prv>
	while(1)
 7ba:	bf9d                	j	730 <main+0x13a>
		GPIO_digitalWrite(PSU_EN, low);
 7bc:	000807b7          	lui	a5,0x80
 7c0:	cb1c                	sw	a5,16(a4)
		GPIO_digitalWrite(EN_LED, low);
 7c2:	008007b7          	lui	a5,0x800
 7c6:	b755                	j	76a <main+0x174>
			GPIO_digitalWrite(FAULT_LED, low);
 7c8:	400117b7          	lui	a5,0x40011
 7cc:	00400737          	lui	a4,0x400
 7d0:	bf5d                	j	786 <main+0x190>

000007d2 <handle_reset>:
	asm volatile( "\n\
 7d2:	20000197          	auipc	gp,0x20000
 7d6:	c2a18193          	addi	gp,gp,-982 # 200003fc <__global_pointer$>
 7da:	40418113          	addi	sp,gp,1028 # 20000800 <_eusrstack>
 7de:	6509                	lui	a0,0x2
 7e0:	88050513          	addi	a0,a0,-1920 # 1880 <ch32fun.c.30a0b195+0x954>
 7e4:	30051073          	csrw	mstatus,a0
 7e8:	468d                	li	a3,3
 7ea:	00000517          	auipc	a0,0x0
 7ee:	81650513          	addi	a0,a0,-2026 # 0 <InterruptVector>
 7f2:	8d55                	or	a0,a0,a3
 7f4:	30551073          	csrw	mtvec,a0
asm volatile(
 7f8:	c0418513          	addi	a0,gp,-1020 # 20000000 <btn>
 7fc:	c0818593          	addi	a1,gp,-1016 # 20000004 <_ebss>
 800:	4601                	li	a2,0
 802:	00b55663          	bge	a0,a1,80e <handle_reset+0x3c>
 806:	c110                	sw	a2,0(a0)
 808:	0511                	addi	a0,a0,4
 80a:	feb54ee3          	blt	a0,a1,806 <handle_reset+0x34>
 80e:	00000517          	auipc	a0,0x0
 812:	04a50513          	addi	a0,a0,74 # 858 <_data_lma>
 816:	c0418593          	addi	a1,gp,-1020 # 20000000 <btn>
 81a:	c0418613          	addi	a2,gp,-1020 # 20000000 <btn>
 81e:	00c58863          	beq	a1,a2,82e <handle_reset+0x5c>
 822:	4114                	lw	a3,0(a0)
 824:	c194                	sw	a3,0(a1)
 826:	0511                	addi	a0,a0,4
 828:	0591                	addi	a1,a1,4
 82a:	fec59ae3          	bne	a1,a2,81e <handle_reset+0x4c>
	SysTick->CTLR = 5;
 82e:	e000f7b7          	lui	a5,0xe000f
 832:	4715                	li	a4,5
 834:	c398                	sw	a4,0(a5)
asm volatile(
 836:	5f600793          	li	a5,1526
 83a:	34179073          	csrw	mepc,a5
 83e:	30200073          	mret
 842:	0000                	unimp
 844:	72727543          	fmadd.d	fa0,ft4,ft7,fa4
 848:	6e65                	lui	t3,0x19
 84a:	2074                	fld	fa3,192(s0)
 84c:	6176                	flw	ft2,92(sp)
 84e:	756c                	flw	fa1,108(a0)
 850:	3a65                	jal	208 <mini_itoa.part.0+0x76>
 852:	2520                	fld	fs0,72(a0)
 854:	0a75                	addi	s4,s4,29
	...
